[    0.000000] Linux version 5.13.19-200.fc34.x86_64 (mockbuild@bkernel01.iad2.fedoraproject.org) (gcc (GCC) 11.2.1 20210728 (Red Hat 11.2.1-1), GNU ld version 2.35.2-5.fc34) #1 SMP Sat Sep 18 16:32:24 UTC 2021
[    0.000000] Command line: BOOT_IMAGE=http://powerlab/pxelinux/node/icx2s0/fedora34/kernel initrd=http://powerlab/pxelinux/node/icx2s0/fedora34/initramfs.img root=UUID=7d88c5c1-b71b-4bd3-908d-211c42a66d05 ro console=ttyS0,115200 msr.allow_writes=1
[    0.000000] x86/split lock detection: #AC: crashing the kernel on kernel split_locks and warning on user-space split_locks
[    0.000000] x86/fpu: Supporting XSAVE feature 0x001: 'x87 floating point registers'
[    0.000000] x86/fpu: Supporting XSAVE feature 0x002: 'SSE registers'
[    0.000000] x86/fpu: Supporting XSAVE feature 0x004: 'AVX registers'
[    0.000000] x86/fpu: Supporting XSAVE feature 0x020: 'AVX-512 opmask'
[    0.000000] x86/fpu: Supporting XSAVE feature 0x040: 'AVX-512 Hi256'
[    0.000000] x86/fpu: Supporting XSAVE feature 0x080: 'AVX-512 ZMM_Hi256'
[    0.000000] x86/fpu: Supporting XSAVE feature 0x200: 'Protection Keys User registers'
[    0.000000] x86/fpu: xstate_offset[2]:  576, xstate_sizes[2]:  256
[    0.000000] x86/fpu: xstate_offset[5]:  832, xstate_sizes[5]:   64
[    0.000000] x86/fpu: xstate_offset[6]:  896, xstate_sizes[6]:  512
[    0.000000] x86/fpu: xstate_offset[7]: 1408, xstate_sizes[7]: 1024
[    0.000000] x86/fpu: xstate_offset[9]: 2432, xstate_sizes[9]:    8
[    0.000000] x86/fpu: Enabled xstate features 0x2e7, context size is 2440 bytes, using 'compacted' format.
[    0.000000] BIOS-provided physical RAM map:
[    0.000000] BIOS-e820: [mem 0x0000000000000000-0x000000000009dfff] usable
[    0.000000] BIOS-e820: [mem 0x000000000009e000-0x000000000009efff] reserved
[    0.000000] BIOS-e820: [mem 0x000000000009f000-0x000000000009ffff] ACPI NVS
[    0.000000] BIOS-e820: [mem 0x00000000000a0000-0x00000000000fffff] reserved
[    0.000000] BIOS-e820: [mem 0x0000000000100000-0x0000000063911fff] usable
[    0.000000] BIOS-e820: [mem 0x0000000063912000-0x0000000065221fff] reserved
[    0.000000] BIOS-e820: [mem 0x0000000065222000-0x000000006671efff] ACPI NVS
[    0.000000] BIOS-e820: [mem 0x000000006671f000-0x0000000066bfdfff] ACPI data
[    0.000000] BIOS-e820: [mem 0x0000000066bfe000-0x000000006f7fffff] usable
[    0.000000] BIOS-e820: [mem 0x000000006f800000-0x000000008fffffff] reserved
[    0.000000] BIOS-e820: [mem 0x00000000fe000000-0x00000000fe010fff] reserved
[    0.000000] BIOS-e820: [mem 0x0000000100000000-0x000000407fffffff] usable
[    0.000000] NX (Execute Disable) protection: active
[    0.000000] e820: update [mem 0x5a02e018-0x5a078457] usable ==> usable
[    0.000000] e820: update [mem 0x5a02e018-0x5a078457] usable ==> usable
[    0.000000] e820: update [mem 0x59ff9018-0x5a02dc57] usable ==> usable
[    0.000000] e820: update [mem 0x59ff9018-0x5a02dc57] usable ==> usable
[    0.000000] e820: update [mem 0x59fc4018-0x59ff8c57] usable ==> usable
[    0.000000] e820: update [mem 0x59fc4018-0x59ff8c57] usable ==> usable
[    0.000000] extended physical RAM map:
[    0.000000] reserve setup_data: [mem 0x0000000000000000-0x000000000009dfff] usable
[    0.000000] reserve setup_data: [mem 0x000000000009e000-0x000000000009efff] reserved
[    0.000000] reserve setup_data: [mem 0x000000000009f000-0x000000000009ffff] ACPI NVS
[    0.000000] reserve setup_data: [mem 0x00000000000a0000-0x00000000000fffff] reserved
[    0.000000] reserve setup_data: [mem 0x0000000000100000-0x0000000059fc4017] usable
[    0.000000] reserve setup_data: [mem 0x0000000059fc4018-0x0000000059ff8c57] usable
[    0.000000] reserve setup_data: [mem 0x0000000059ff8c58-0x0000000059ff9017] usable
[    0.000000] reserve setup_data: [mem 0x0000000059ff9018-0x000000005a02dc57] usable
[    0.000000] reserve setup_data: [mem 0x000000005a02dc58-0x000000005a02e017] usable
[    0.000000] reserve setup_data: [mem 0x000000005a02e018-0x000000005a078457] usable
[    0.000000] reserve setup_data: [mem 0x000000005a078458-0x0000000063911fff] usable
[    0.000000] reserve setup_data: [mem 0x0000000063912000-0x0000000065221fff] reserved
[    0.000000] reserve setup_data: [mem 0x0000000065222000-0x000000006671efff] ACPI NVS
[    0.000000] reserve setup_data: [mem 0x000000006671f000-0x0000000066bfdfff] ACPI data
[    0.000000] reserve setup_data: [mem 0x0000000066bfe000-0x000000006f7fffff] usable
[    0.000000] reserve setup_data: [mem 0x000000006f800000-0x000000008fffffff] reserved
[    0.000000] reserve setup_data: [mem 0x00000000fe000000-0x00000000fe010fff] reserved
[    0.000000] reserve setup_data: [mem 0x0000000100000000-0x000000407fffffff] usable
[    0.000000] efi: EFI v2.70 by EDK II
[    0.000000] efi: ACPI=0x66bfd000 ACPI 2.0=0x66bfd014 TPMFinalLog=0x66665000 SMBIOS=0x63997000 SMBIOS 3.0=0x63995000 MEMATTR=0x5b0ee018 TPMEventLog=0x5afe0018 
[    0.000000] secureboot: Secure boot disabled
[    0.000000] SMBIOS 3.3.0 present.
[    0.000000] DMI: Intel Corporation WilsonCity/WilsonCity, BIOS WLYDCRB1.SYS.0021.P35.2109130530 09/13/2021
[    0.000000] tsc: Detected 2400.000 MHz processor
[    0.000017] e820: update [mem 0x00000000-0x00000fff] usable ==> reserved
[    0.000020] e820: remove [mem 0x000a0000-0x000fffff] usable
[    0.000026] last_pfn = 0x4080000 max_arch_pfn = 0x10000000000
[    0.000203] x86/PAT: Configuration [0-7]: WB  WC  UC- UC  WB  WP  UC- WT  
[    0.003807] e820: update [mem 0x7f000000-0xffffffff] usable ==> reserved
[    0.003812] last_pfn = 0x6f800 max_arch_pfn = 0x10000000000
[    0.016591] Using GB pages for direct mapping
[    0.016780] secureboot: Secure boot disabled
[    0.016781] RAMDISK: [mem 0x6e708000-0x6f7fffff]
[    0.016783] ACPI: Early table checksum verification disabled
[    0.016785] ACPI: RSDP 0x0000000066BFD014 000024 (v02 INTEL )
[    0.016790] ACPI: XSDT 0x00000000668DF188 000104 (v01 INTEL  INTEL ID 00000000 INTL 01000013)
[    0.016796] ACPI: FACP 0x0000000066BF3000 000114 (v06 INTEL  INTEL ID 00000000 INTL 20091013)
[    0.016801] ACPI: DSDT 0x0000000066B86000 065320 (v02 INTEL  INTEL ID 00000003 INTL 20091013)
[    0.016805] ACPI: FACS 0x0000000066658000 000040
[    0.016808] ACPI: SSDT 0x0000000066BFB000 0004C5 (v02 INTEL  INTEL ID 00000000 MSFT 0100000D)
[    0.016811] ACPI: SSDT 0x0000000066BFA000 000748 (v02 INTEL  RAS_ACPI 00000001 INTL 20200925)
[    0.016814] ACPI: SSDT 0x0000000066BF9000 000632 (v02 INTEL  Tpm2Tabl 00001000 INTL 20200925)
[    0.016818] ACPI: TPM2 0x0000000066BF8000 00004C (v04 INTEL  INTEL ID 00000002 INTL 01000013)
[    0.016822] ACPI: SSDT 0x0000000066BF7000 000745 (v02 INTEL  ADDRXLAT 00000001 INTL 20200925)
[    0.016826] ACPI: BERT 0x0000000066BF6000 000030 (v01 INTEL  INTEL ID 00000001 INTL 00000001)
[    0.016829] ACPI: ERST 0x0000000066BF5000 000230 (v01 INTEL  INTEL ID 00000001 INTL 00000001)
[    0.016832] ACPI: BDAT 0x0000000066BF4000 000030 (v01 INTEL  INTEL ID 00000000 INTL 20091013)
[    0.016835] ACPI: HMAT 0x0000000066BF2000 000180 (v01 INTEL  INTEL ID 00000001 INTL 20091013)
[    0.016839] ACPI: HPET 0x0000000066BF1000 000038 (v01 INTEL  INTEL ID 00000001 INTL 20091013)
[    0.016842] ACPI: MCFG 0x0000000066BF0000 00003C (v01 INTEL  INTEL ID 00000001 INTL 20091013)
[    0.016846] ACPI: MIGT 0x0000000066BEF000 000040 (v01 INTEL  INTEL ID 00000000 INTL 20091013)
[    0.016849] ACPI: MSCT 0x0000000066BEE000 000090 (v01 INTEL  INTEL ID 00000001 INTL 20091013)
[    0.016852] ACPI: WDDT 0x0000000066BED000 000040 (v01 INTEL  INTEL ID 00000000 INTL 20091013)
[    0.016855] ACPI: WSMT 0x0000000066BEC000 000028 (v01 INTEL  INTEL ID 00000000 INTL 20091013)
[    0.016859] ACPI: APIC 0x0000000066B85000 0004DE (v04 INTEL  INTEL ID 00000000 INTL 20091013)
[    0.016862] ACPI: SLIT 0x0000000066B83000 00102C (v01 INTEL  INTEL ID 00000001 INTL 01000013)
[    0.016865] ACPI: SRAT 0x0000000066B7C000 006430 (v03 INTEL  INTEL ID 00000002 INTL 01000013)
[    0.016869] ACPI: OEM4 0x00000000669F4000 187A61 (v02 INTEL  CPU  CST 00003000 INTL 20200925)
[    0.016873] ACPI: OEM1 0x00000000668E0000 113489 (v02 INTEL  CPU EIST 00003000 INTL 20200925)
[    0.016876] ACPI: OEM2 0x0000000066898000 046031 (v02 INTEL  CPU  HWP 00003000 INTL 20200925)
[    0.016880] ACPI: SSDT 0x0000000066821000 0764A5 (v02 INTEL  SSDT  PM 00004000 INTL 20200925)
[    0.016883] ACPI: HEST 0x0000000066BFC000 00013C (v01 INTEL  INTEL ID 00000001 INTL 00000001)
[    0.016886] ACPI: DMAR 0x0000000066820000 000170 (v01 INTEL  INTEL ID 00000001 INTL 20091013)
[    0.016890] ACPI: SSDT 0x0000000066818000 0078BA (v02 INTEL  SpsNm    00000002 INTL 20200925)
[    0.016893] ACPI: SPCR 0x0000000066817000 000050 (v02 INTEL  INTEL ID 00000000 INTL 01000013)
[    0.016896] ACPI: FPDT 0x0000000066816000 000044 (v01 INTEL  INTEL ID 00000002 INTL 01000013)
[    0.016899] ACPI: Reserving FACP table memory at [mem 0x66bf3000-0x66bf3113]
[    0.016901] ACPI: Reserving DSDT table memory at [mem 0x66b86000-0x66beb31f]
[    0.016902] ACPI: Reserving FACS table memory at [mem 0x66658000-0x6665803f]
[    0.016903] ACPI: Reserving SSDT table memory at [mem 0x66bfb000-0x66bfb4c4]
[    0.016905] ACPI: Reserving SSDT table memory at [mem 0x66bfa000-0x66bfa747]
[    0.016906] ACPI: Reserving SSDT table memory at [mem 0x66bf9000-0x66bf9631]
[    0.016907] ACPI: Reserving TPM2 table memory at [mem 0x66bf8000-0x66bf804b]
[    0.016908] ACPI: Reserving SSDT table memory at [mem 0x66bf7000-0x66bf7744]
[    0.016909] ACPI: Reserving BERT table memory at [mem 0x66bf6000-0x66bf602f]
[    0.016910] ACPI: Reserving ERST table memory at [mem 0x66bf5000-0x66bf522f]
[    0.016911] ACPI: Reserving BDAT table memory at [mem 0x66bf4000-0x66bf402f]
[    0.016913] ACPI: Reserving HMAT table memory at [mem 0x66bf2000-0x66bf217f]
[    0.016914] ACPI: Reserving HPET table memory at [mem 0x66bf1000-0x66bf1037]
[    0.016915] ACPI: Reserving MCFG table memory at [mem 0x66bf0000-0x66bf003b]
[    0.016916] ACPI: Reserving MIGT table memory at [mem 0x66bef000-0x66bef03f]
[    0.016917] ACPI: Reserving MSCT table memory at [mem 0x66bee000-0x66bee08f]
[    0.016919] ACPI: Reserving WDDT table memory at [mem 0x66bed000-0x66bed03f]
[    0.016920] ACPI: Reserving WSMT table memory at [mem 0x66bec000-0x66bec027]
[    0.016921] ACPI: Reserving APIC table memory at [mem 0x66b85000-0x66b854dd]
[    0.016922] ACPI: Reserving SLIT table memory at [mem 0x66b83000-0x66b8402b]
[    0.016923] ACPI: Reserving SRAT table memory at [mem 0x66b7c000-0x66b8242f]
[    0.016925] ACPI: Reserving OEM4 table memory at [mem 0x669f4000-0x66b7ba60]
[    0.016926] ACPI: Reserving OEM1 table memory at [mem 0x668e0000-0x669f3488]
[    0.016927] ACPI: Reserving OEM2 table memory at [mem 0x66898000-0x668de030]
[    0.016928] ACPI: Reserving SSDT table memory at [mem 0x66821000-0x668974a4]
[    0.016929] ACPI: Reserving HEST table memory at [mem 0x66bfc000-0x66bfc13b]
[    0.016931] ACPI: Reserving DMAR table memory at [mem 0x66820000-0x6682016f]
[    0.016932] ACPI: Reserving SSDT table memory at [mem 0x66818000-0x6681f8b9]
[    0.016933] ACPI: Reserving SPCR table memory at [mem 0x66817000-0x6681704f]
[    0.016935] ACPI: Reserving FPDT table memory at [mem 0x66816000-0x66816043]
[    0.016947] ACPI: Local APIC address 0xfee00000
[    0.016964] SRAT: PXM 0 -> APIC 0x00 -> Node 0
[    0.016966] SRAT: PXM 0 -> APIC 0x01 -> Node 0
[    0.016967] SRAT: PXM 0 -> APIC 0x02 -> Node 0
[    0.016967] SRAT: PXM 0 -> APIC 0x03 -> Node 0
[    0.016968] SRAT: PXM 0 -> APIC 0x04 -> Node 0
[    0.016969] SRAT: PXM 0 -> APIC 0x05 -> Node 0
[    0.016970] SRAT: PXM 0 -> APIC 0x06 -> Node 0
[    0.016971] SRAT: PXM 0 -> APIC 0x07 -> Node 0
[    0.016972] SRAT: PXM 0 -> APIC 0x08 -> Node 0
[    0.016973] SRAT: PXM 0 -> APIC 0x09 -> Node 0
[    0.016974] SRAT: PXM 0 -> APIC 0x0a -> Node 0
[    0.016974] SRAT: PXM 0 -> APIC 0x0b -> Node 0
[    0.016975] SRAT: PXM 0 -> APIC 0x0c -> Node 0
[    0.016976] SRAT: PXM 0 -> APIC 0x0d -> Node 0
[    0.016977] SRAT: PXM 0 -> APIC 0x0e -> Node 0
[    0.016978] SRAT: PXM 0 -> APIC 0x0f -> Node 0
[    0.016978] SRAT: PXM 0 -> APIC 0x10 -> Node 0
[    0.016979] SRAT: PXM 0 -> APIC 0x11 -> Node 0
[    0.016980] SRAT: PXM 0 -> APIC 0x12 -> Node 0
[    0.016981] SRAT: PXM 0 -> APIC 0x13 -> Node 0
[    0.016982] SRAT: PXM 0 -> APIC 0x14 -> Node 0
[    0.016983] SRAT: PXM 0 -> APIC 0x15 -> Node 0
[    0.016984] SRAT: PXM 0 -> APIC 0x16 -> Node 0
[    0.016984] SRAT: PXM 0 -> APIC 0x17 -> Node 0
[    0.016985] SRAT: PXM 0 -> APIC 0x18 -> Node 0
[    0.016986] SRAT: PXM 0 -> APIC 0x19 -> Node 0
[    0.016987] SRAT: PXM 0 -> APIC 0x1a -> Node 0
[    0.016988] SRAT: PXM 0 -> APIC 0x1b -> Node 0
[    0.016989] SRAT: PXM 0 -> APIC 0x1c -> Node 0
[    0.016989] SRAT: PXM 0 -> APIC 0x1d -> Node 0
[    0.016990] SRAT: PXM 0 -> APIC 0x1e -> Node 0
[    0.016991] SRAT: PXM 0 -> APIC 0x1f -> Node 0
[    0.016992] SRAT: PXM 0 -> APIC 0x20 -> Node 0
[    0.016993] SRAT: PXM 0 -> APIC 0x21 -> Node 0
[    0.016994] SRAT: PXM 0 -> APIC 0x22 -> Node 0
[    0.016995] SRAT: PXM 0 -> APIC 0x23 -> Node 0
[    0.016995] SRAT: PXM 0 -> APIC 0x24 -> Node 0
[    0.016996] SRAT: PXM 0 -> APIC 0x25 -> Node 0
[    0.016997] SRAT: PXM 0 -> APIC 0x26 -> Node 0
[    0.016998] SRAT: PXM 0 -> APIC 0x27 -> Node 0
[    0.016999] SRAT: PXM 0 -> APIC 0x28 -> Node 0
[    0.017000] SRAT: PXM 0 -> APIC 0x29 -> Node 0
[    0.017000] SRAT: PXM 0 -> APIC 0x2a -> Node 0
[    0.017001] SRAT: PXM 0 -> APIC 0x2b -> Node 0
[    0.017002] SRAT: PXM 0 -> APIC 0x2c -> Node 0
[    0.017003] SRAT: PXM 0 -> APIC 0x2d -> Node 0
[    0.017004] SRAT: PXM 0 -> APIC 0x2e -> Node 0
[    0.017005] SRAT: PXM 0 -> APIC 0x2f -> Node 0
[    0.017006] SRAT: PXM 0 -> APIC 0x30 -> Node 0
[    0.017006] SRAT: PXM 0 -> APIC 0x31 -> Node 0
[    0.017007] SRAT: PXM 0 -> APIC 0x32 -> Node 0
[    0.017008] SRAT: PXM 0 -> APIC 0x33 -> Node 0
[    0.017009] SRAT: PXM 0 -> APIC 0x34 -> Node 0
[    0.017010] SRAT: PXM 0 -> APIC 0x35 -> Node 0
[    0.017011] SRAT: PXM 0 -> APIC 0x36 -> Node 0
[    0.017011] SRAT: PXM 0 -> APIC 0x37 -> Node 0
[    0.017012] SRAT: PXM 0 -> APIC 0x38 -> Node 0
[    0.017013] SRAT: PXM 0 -> APIC 0x39 -> Node 0
[    0.017014] SRAT: PXM 0 -> APIC 0x3a -> Node 0
[    0.017015] SRAT: PXM 0 -> APIC 0x3b -> Node 0
[    0.017016] SRAT: PXM 0 -> APIC 0x3c -> Node 0
[    0.017016] SRAT: PXM 0 -> APIC 0x3d -> Node 0
[    0.017017] SRAT: PXM 0 -> APIC 0x3e -> Node 0
[    0.017018] SRAT: PXM 0 -> APIC 0x3f -> Node 0
[    0.017019] SRAT: PXM 0 -> APIC 0x40 -> Node 0
[    0.017020] SRAT: PXM 0 -> APIC 0x41 -> Node 0
[    0.017021] SRAT: PXM 0 -> APIC 0x42 -> Node 0
[    0.017021] SRAT: PXM 0 -> APIC 0x43 -> Node 0
[    0.017022] SRAT: PXM 0 -> APIC 0x44 -> Node 0
[    0.017023] SRAT: PXM 0 -> APIC 0x45 -> Node 0
[    0.017024] SRAT: PXM 0 -> APIC 0x46 -> Node 0
[    0.017025] SRAT: PXM 0 -> APIC 0x47 -> Node 0
[    0.017026] SRAT: PXM 1 -> APIC 0x80 -> Node 1
[    0.017027] SRAT: PXM 1 -> APIC 0x81 -> Node 1
[    0.017028] SRAT: PXM 1 -> APIC 0x82 -> Node 1
[    0.017028] SRAT: PXM 1 -> APIC 0x83 -> Node 1
[    0.017029] SRAT: PXM 1 -> APIC 0x84 -> Node 1
[    0.017030] SRAT: PXM 1 -> APIC 0x85 -> Node 1
[    0.017031] SRAT: PXM 1 -> APIC 0x86 -> Node 1
[    0.017032] SRAT: PXM 1 -> APIC 0x87 -> Node 1
[    0.017033] SRAT: PXM 1 -> APIC 0x88 -> Node 1
[    0.017033] SRAT: PXM 1 -> APIC 0x89 -> Node 1
[    0.017034] SRAT: PXM 1 -> APIC 0x8a -> Node 1
[    0.017035] SRAT: PXM 1 -> APIC 0x8b -> Node 1
[    0.017036] SRAT: PXM 1 -> APIC 0x8c -> Node 1
[    0.017037] SRAT: PXM 1 -> APIC 0x8d -> Node 1
[    0.017038] SRAT: PXM 1 -> APIC 0x8e -> Node 1
[    0.017039] SRAT: PXM 1 -> APIC 0x8f -> Node 1
[    0.017040] SRAT: PXM 1 -> APIC 0x90 -> Node 1
[    0.017040] SRAT: PXM 1 -> APIC 0x91 -> Node 1
[    0.017041] SRAT: PXM 1 -> APIC 0x92 -> Node 1
[    0.017042] SRAT: PXM 1 -> APIC 0x93 -> Node 1
[    0.017043] SRAT: PXM 1 -> APIC 0x94 -> Node 1
[    0.017044] SRAT: PXM 1 -> APIC 0x95 -> Node 1
[    0.017045] SRAT: PXM 1 -> APIC 0x96 -> Node 1
[    0.017045] SRAT: PXM 1 -> APIC 0x97 -> Node 1
[    0.017046] SRAT: PXM 1 -> APIC 0x98 -> Node 1
[    0.017047] SRAT: PXM 1 -> APIC 0x99 -> Node 1
[    0.017048] SRAT: PXM 1 -> APIC 0x9a -> Node 1
[    0.017049] SRAT: PXM 1 -> APIC 0x9b -> Node 1
[    0.017050] SRAT: PXM 1 -> APIC 0x9c -> Node 1
[    0.017051] SRAT: PXM 1 -> APIC 0x9d -> Node 1
[    0.017052] SRAT: PXM 1 -> APIC 0x9e -> Node 1
[    0.017052] SRAT: PXM 1 -> APIC 0x9f -> Node 1
[    0.017053] SRAT: PXM 1 -> APIC 0xa0 -> Node 1
[    0.017054] SRAT: PXM 1 -> APIC 0xa1 -> Node 1
[    0.017055] SRAT: PXM 1 -> APIC 0xa2 -> Node 1
[    0.017056] SRAT: PXM 1 -> APIC 0xa3 -> Node 1
[    0.017057] SRAT: PXM 1 -> APIC 0xa4 -> Node 1
[    0.017057] SRAT: PXM 1 -> APIC 0xa5 -> Node 1
[    0.017058] SRAT: PXM 1 -> APIC 0xa6 -> Node 1
[    0.017059] SRAT: PXM 1 -> APIC 0xa7 -> Node 1
[    0.017060] SRAT: PXM 1 -> APIC 0xa8 -> Node 1
[    0.017061] SRAT: PXM 1 -> APIC 0xa9 -> Node 1
[    0.017062] SRAT: PXM 1 -> APIC 0xaa -> Node 1
[    0.017062] SRAT: PXM 1 -> APIC 0xab -> Node 1
[    0.017063] SRAT: PXM 1 -> APIC 0xac -> Node 1
[    0.017064] SRAT: PXM 1 -> APIC 0xad -> Node 1
[    0.017065] SRAT: PXM 1 -> APIC 0xae -> Node 1
[    0.017066] SRAT: PXM 1 -> APIC 0xaf -> Node 1
[    0.017067] SRAT: PXM 1 -> APIC 0xb0 -> Node 1
[    0.017068] SRAT: PXM 1 -> APIC 0xb1 -> Node 1
[    0.017069] SRAT: PXM 1 -> APIC 0xb2 -> Node 1
[    0.017069] SRAT: PXM 1 -> APIC 0xb3 -> Node 1
[    0.017070] SRAT: PXM 1 -> APIC 0xb4 -> Node 1
[    0.017071] SRAT: PXM 1 -> APIC 0xb5 -> Node 1
[    0.017072] SRAT: PXM 1 -> APIC 0xb6 -> Node 1
[    0.017073] SRAT: PXM 1 -> APIC 0xb7 -> Node 1
[    0.017074] SRAT: PXM 1 -> APIC 0xb8 -> Node 1
[    0.017074] SRAT: PXM 1 -> APIC 0xb9 -> Node 1
[    0.017075] SRAT: PXM 1 -> APIC 0xba -> Node 1
[    0.017076] SRAT: PXM 1 -> APIC 0xbb -> Node 1
[    0.017077] SRAT: PXM 1 -> APIC 0xbc -> Node 1
[    0.017078] SRAT: PXM 1 -> APIC 0xbd -> Node 1
[    0.017079] SRAT: PXM 1 -> APIC 0xbe -> Node 1
[    0.017079] SRAT: PXM 1 -> APIC 0xbf -> Node 1
[    0.017080] SRAT: PXM 1 -> APIC 0xc0 -> Node 1
[    0.017081] SRAT: PXM 1 -> APIC 0xc1 -> Node 1
[    0.017082] SRAT: PXM 1 -> APIC 0xc2 -> Node 1
[    0.017083] SRAT: PXM 1 -> APIC 0xc3 -> Node 1
[    0.017084] SRAT: PXM 1 -> APIC 0xc4 -> Node 1
[    0.017084] SRAT: PXM 1 -> APIC 0xc5 -> Node 1
[    0.017085] SRAT: PXM 1 -> APIC 0xc6 -> Node 1
[    0.017086] SRAT: PXM 1 -> APIC 0xc7 -> Node 1
[    0.017110] ACPI: SRAT: Node 0 PXM 0 [mem 0x00000000-0x7fffffff]
[    0.017112] ACPI: SRAT: Node 0 PXM 0 [mem 0x100000000-0x207fffffff]
[    0.017114] ACPI: SRAT: Node 1 PXM 1 [mem 0x2080000000-0x407fffffff]
[    0.017124] NUMA: Initialized distance table, cnt=2
[    0.017126] NUMA: Node 0 [mem 0x00000000-0x7fffffff] + [mem 0x100000000-0x207fffffff] -> [mem 0x00000000-0x207fffffff]
[    0.017137] NODE_DATA(0) allocated [mem 0x207ffd5000-0x207fffffff]
[    0.017156] NODE_DATA(1) allocated [mem 0x407ffd4000-0x407fffefff]
[    0.555284] Zone ranges:
[    0.555287]   DMA      [mem 0x0000000000001000-0x0000000000ffffff]
[    0.555290]   DMA32    [mem 0x0000000001000000-0x00000000ffffffff]
[    0.555292]   Normal   [mem 0x0000000100000000-0x000000407fffffff]
[    0.555293]   Device   empty
[    0.555295] Movable zone start for each node
[    0.555299] Early memory node ranges
[    0.555300]   node   0: [mem 0x0000000000001000-0x000000000009dfff]
[    0.555301]   node   0: [mem 0x0000000000100000-0x0000000063911fff]
[    0.555303]   node   0: [mem 0x0000000066bfe000-0x000000006f7fffff]
[    0.555304]   node   0: [mem 0x0000000100000000-0x000000207fffffff]
[    0.555314]   node   1: [mem 0x0000002080000000-0x000000407fffffff]
[    0.555327] Initmem setup node 0 [mem 0x0000000000001000-0x000000207fffffff]
[    0.555329] On node 0 totalpages: 33473713
[    0.555330]   DMA zone: 64 pages used for memmap
[    0.555331]   DMA zone: 157 pages reserved
[    0.555332]   DMA zone: 3997 pages, LIFO batch:0
[    0.555333]   DMA32 zone: 6869 pages used for memmap
[    0.555334]   DMA32 zone: 439572 pages, LIFO batch:63
[    0.555335]   Normal zone: 516096 pages used for memmap
[    0.555336]   Normal zone: 33030144 pages, LIFO batch:63
[    0.555337] Initmem setup node 1 [mem 0x0000002080000000-0x000000407fffffff]
[    0.555339] On node 1 totalpages: 33554432
[    0.555340]   Normal zone: 524288 pages used for memmap
[    0.555341]   Normal zone: 33554432 pages, LIFO batch:63
[    0.555344] On node 0, zone DMA: 1 pages in unavailable ranges
[    0.555366] On node 0, zone DMA: 98 pages in unavailable ranges
[    0.557867] On node 0, zone DMA32: 13036 pages in unavailable ranges
[    0.780429] On node 0, zone Normal: 2048 pages in unavailable ranges
[    1.100678] tboot: non-0 tboot_addr but it is not of type E820_TYPE_RESERVED
[    1.100832] ACPI: PM-Timer IO Port: 0x508
[    1.100835] ACPI: Local APIC address 0xfee00000
[    1.100854] ACPI: X2APIC_NMI (uid[0xffffffff] high edge lint[0x1])
[    1.100857] ACPI: LAPIC_NMI (acpi_id[0xff] high edge lint[0x1])
[    1.100879] IOAPIC[0]: apic_id 8, version 32, address 0xfec00000, GSI 0-119
[    1.100883] ACPI: INT_SRC_OVR (bus 0 bus_irq 0 global_irq 2 dfl dfl)
[    1.100885] ACPI: INT_SRC_OVR (bus 0 bus_irq 9 global_irq 9 high level)
[    1.100887] ACPI: IRQ0 used by override.
[    1.100888] ACPI: IRQ9 used by override.
[    1.100891] Using ACPI (MADT) for SMP configuration information
[    1.100892] ACPI: HPET id: 0x8086a701 base: 0xfed00000
[    1.100898] ACPI: SPCR: console: uart,io,0x3f8,115200
[    1.100900] TSC deadline timer available
[    1.100901] smpboot: Allowing 144 CPUs, 0 hotplug CPUs
[    1.100921] PM: hibernation: Registered nosave memory: [mem 0x00000000-0x00000fff]
[    1.100924] PM: hibernation: Registered nosave memory: [mem 0x0009e000-0x0009efff]
[    1.100925] PM: hibernation: Registered nosave memory: [mem 0x0009f000-0x0009ffff]
[    1.100926] PM: hibernation: Registered nosave memory: [mem 0x000a0000-0x000fffff]
[    1.100928] PM: hibernation: Registered nosave memory: [mem 0x59fc4000-0x59fc4fff]
[    1.100930] PM: hibernation: Registered nosave memory: [mem 0x59ff8000-0x59ff8fff]
[    1.100931] PM: hibernation: Registered nosave memory: [mem 0x59ff9000-0x59ff9fff]
[    1.100933] PM: hibernation: Registered nosave memory: [mem 0x5a02d000-0x5a02dfff]
[    1.100934] PM: hibernation: Registered nosave memory: [mem 0x5a02e000-0x5a02efff]
[    1.100936] PM: hibernation: Registered nosave memory: [mem 0x5a078000-0x5a078fff]
[    1.100938] PM: hibernation: Registered nosave memory: [mem 0x63912000-0x65221fff]
[    1.100939] PM: hibernation: Registered nosave memory: [mem 0x65222000-0x6671efff]
[    1.100939] PM: hibernation: Registered nosave memory: [mem 0x6671f000-0x66bfdfff]
[    1.100941] PM: hibernation: Registered nosave memory: [mem 0x6f800000-0x8fffffff]
[    1.100942] PM: hibernation: Registered nosave memory: [mem 0x90000000-0xfdffffff]
[    1.100943] PM: hibernation: Registered nosave memory: [mem 0xfe000000-0xfe010fff]
[    1.100944] PM: hibernation: Registered nosave memory: [mem 0xfe011000-0xffffffff]
[    1.100946] [mem 0x90000000-0xfdffffff] available for PCI devices
[    1.100949] Booting paravirtualized kernel on bare hardware
[    1.100951] clocksource: refined-jiffies: mask: 0xffffffff max_cycles: 0xffffffff, max_idle_ns: 1910969940391419 ns
[    1.106957] setup_percpu: NR_CPUS:8192 nr_cpumask_bits:144 nr_cpu_ids:144 nr_node_ids:2
[    1.113115] percpu: Embedded 55 pages/cpu s188416 r8192 d28672 u262144
[    1.113128] pcpu-alloc: s188416 r8192 d28672 u262144 alloc=1*2097152
[    1.113130] pcpu-alloc: [0] 000 001 002 003 004 005 006 007 
[    1.113136] pcpu-alloc: [0] 008 009 010 011 012 013 014 015 
[    1.113141] pcpu-alloc: [0] 016 017 018 019 020 021 022 023 
[    1.113145] pcpu-alloc: [0] 024 025 026 027 028 029 030 031 
[    1.113149] pcpu-alloc: [0] 032 033 034 035 072 073 074 075 
[    1.113153] pcpu-alloc: [0] 076 077 078 079 080 081 082 083 
[    1.113157] pcpu-alloc: [0] 084 085 086 087 088 089 090 091 
[    1.113161] pcpu-alloc: [0] 092 093 094 095 096 097 098 099 
[    1.113165] pcpu-alloc: [0] 100 101 102 103 104 105 106 107 
[    1.113169] pcpu-alloc: [1] 036 037 038 039 040 041 042 043 
[    1.113173] pcpu-alloc: [1] 044 045 046 047 048 049 050 051 
[    1.113177] pcpu-alloc: [1] 052 053 054 055 056 057 058 059 
[    1.113181] pcpu-alloc: [1] 060 061 062 063 064 065 066 067 
[    1.113185] pcpu-alloc: [1] 068 069 070 071 108 109 110 111 
[    1.113190] pcpu-alloc: [1] 112 113 114 115 116 117 118 119 
[    1.113194] pcpu-alloc: [1] 120 121 122 123 124 125 126 127 
[    1.113198] pcpu-alloc: [1] 128 129 130 131 132 133 134 135 
[    1.113202] pcpu-alloc: [1] 136 137 138 139 140 141 142 143 
[    1.113248] Built 2 zonelists, mobility grouping on.  Total pages: 65980671
[    1.113251] Policy zone: Normal
[    1.113252] Kernel command line: BOOT_IMAGE=http://powerlab/pxelinux/node/icx2s0/fedora34/kernel initrd=http://powerlab/pxelinux/node/icx2s0/fedora34/initramfs.img root=UUID=7d88c5c1-b71b-4bd3-908d-211c42a66d05 ro console=ttyS0,115200 msr.allow_writes=1
[    1.113326] printk: log_buf_len individual max cpu contribution: 4096 bytes
[    1.113327] printk: log_buf_len total cpu_extra contributions: 585728 bytes
[    1.113329] printk: log_buf_len min size: 262144 bytes
[    1.114342] printk: log_buf_len: 1048576 bytes
[    1.114343] printk: early log buf free: 238360(90%)
[    1.116644] mem auto-init: stack:off, heap alloc:off, heap free:off
[    1.795085] Memory: 263501940K/268112580K available (16393K kernel code, 3509K rwdata, 9988K rodata, 2788K init, 5056K bss, 4610436K reserved, 0K cma-reserved)
[    1.795093] random: get_random_u64 called from __kmem_cache_create+0x2a/0x570 with crng_init=0
[    1.795732] SLUB: HWalign=64, Order=0-3, MinObjects=0, CPUs=144, Nodes=2
[    1.795766] ftrace: allocating 46566 entries in 182 pages
[    1.811684] ftrace: allocated 182 pages with 5 groups
[    1.812480] rcu: Hierarchical RCU implementation.
[    1.812482] rcu: 	RCU restricting CPUs from NR_CPUS=8192 to nr_cpu_ids=144.
[    1.812484] 	Trampoline variant of Tasks RCU enabled.
[    1.812485] 	Rude variant of Tasks RCU enabled.
[    1.812486] 	Tracing variant of Tasks RCU enabled.
[    1.812487] rcu: RCU calculated value of scheduler-enlistment delay is 100 jiffies.
[    1.812488] rcu: Adjusting geometry for rcu_fanout_leaf=16, nr_cpu_ids=144
[    1.816576] NR_IRQS: 524544, nr_irqs: 3208, preallocated irqs: 16
[    1.817029] random: crng done (trusting CPU's manufacturer)
[    1.817218] Console: colour dummy device 80x25
[    3.916740] printk: console [ttyS0] enabled
[    3.921010] mempolicy: Enabling automatic NUMA balancing. Configure with numa_balancing= or the kernel.numa_balancing sysctl
[    3.932194] ACPI: Core revision 20210331
[    3.938420] clocksource: hpet: mask: 0xffffffff max_cycles: 0xffffffff, max_idle_ns: 79635855245 ns
[    3.947477] APIC: Switch to symmetric I/O mode setup
[    3.952437] DMAR: Host address width 46
[    3.956274] DMAR: DRHD base: 0x000000d0ffc000 flags: 0x0
[    3.961587] DMAR: dmar0: reg_base_addr d0ffc000 ver 4:0 cap 8ed008c40780466 ecap 60000f050df
[    3.970012] DMAR: DRHD base: 0x000000dbbfc000 flags: 0x0
[    3.975322] DMAR: dmar1: reg_base_addr dbbfc000 ver 4:0 cap 8ed008c40780466 ecap 60000f050df
[    3.983748] DMAR: DRHD base: 0x000000e67fc000 flags: 0x0
[    3.989061] DMAR: dmar2: reg_base_addr e67fc000 ver 4:0 cap 8ed008c40780466 ecap 60000f050df
[    3.997487] DMAR: DRHD base: 0x000000f13fc000 flags: 0x0
[    4.002797] DMAR: dmar3: reg_base_addr f13fc000 ver 4:0 cap 8ed008c40780466 ecap 60000f050df
[    4.011215] DMAR: DRHD base: 0x000000fb7fc000 flags: 0x0
[    4.016526] DMAR: dmar4: reg_base_addr fb7fc000 ver 4:0 cap 8ed008c40780466 ecap 60000f050df
[    4.024945] DMAR: DRHD base: 0x000000a63fc000 flags: 0x0
[    4.030269] DMAR: dmar5: reg_base_addr a63fc000 ver 4:0 cap 8ed008c40780466 ecap 60000f050df
[    4.038693] DMAR: DRHD base: 0x000000b0ffc000 flags: 0x0
[    4.044005] DMAR: dmar6: reg_base_addr b0ffc000 ver 4:0 cap 8ed008c40780466 ecap 60000f050df
[    4.052429] DMAR: DRHD base: 0x000000bbbfc000 flags: 0x0
[    4.057740] DMAR: dmar7: reg_base_addr bbbfc000 ver 4:0 cap 8ed008c40780466 ecap 60000f050df
[    4.066159] DMAR: DRHD base: 0x000000c5ffc000 flags: 0x0
[    4.071470] DMAR: dmar8: reg_base_addr c5ffc000 ver 4:0 cap 8ed008c40780466 ecap 60000f050df
[    4.079886] DMAR: DRHD base: 0x0000009b7fc000 flags: 0x1
[    4.085197] DMAR: dmar9: reg_base_addr 9b7fc000 ver 4:0 cap 8ed008c40780466 ecap 60000f050df
[    4.093615] DMAR: RMRR base: 0x0000006520f000 end: 0x00000065211fff
[    4.099878] DMAR: ATSR flags: 0x0
[    4.103196] DMAR: ATSR flags: 0x0
[    4.106517] DMAR-IR: IOAPIC id 8 under DRHD base  0x9b7fc000 IOMMU 9
[    4.112860] DMAR-IR: HPET id 0 under DRHD base 0x9b7fc000
[    4.118256] DMAR-IR: Queued invalidation will be enabled to support x2apic and Intr-remapping.
[    4.129234] DMAR-IR: Enabled IRQ remapping in x2apic mode
[    4.134618] x2apic enabled
[    4.137344] Switched APIC routing to cluster x2apic.
[    4.144936] ..TIMER: vector=0x30 apic1=0 pin1=2 apic2=-1 pin2=-1
[    4.154971] clocksource: tsc-early: mask: 0xffffffffffffffff max_cycles: 0x22983777dd9, max_idle_ns: 440795300422 ns
[    4.165461] Calibrating delay loop (skipped), value calculated using timer frequency.. 4800.00 BogoMIPS (lpj=2400000)
[    4.166461] pid_max: default: 147456 minimum: 1152
[    4.175642] LSM: Security Framework initializing
[    4.176501] Yama: becoming mindful.
[    4.177485] SELinux:  Initializing.
[    4.178655] LSM support for eBPF active
[    4.179461] landlock: Up and running.
[    4.198242] Dentry cache hash table entries: 16777216 (order: 15, 134217728 bytes, vmalloc)
[    4.206863] Inode-cache hash table entries: 8388608 (order: 14, 67108864 bytes, vmalloc)
[    4.207800] Mount-cache hash table entries: 262144 (order: 9, 2097152 bytes, vmalloc)
[    4.208724] Mountpoint-cache hash table entries: 262144 (order: 9, 2097152 bytes, vmalloc)
[    4.210174] x86/cpu: SGX disabled by BIOS.
[    4.210464] x86/tme: not enabled by BIOS
[    4.211469] CPU0: Thermal monitoring enabled (TM1)
[    4.212462] x86/cpu: User Mode Instruction Prevention (UMIP) activated
[    4.213841] process: using mwait in idle threads
[    4.214461] Last level iTLB entries: 4KB 0, 2MB 0, 4MB 0
[    4.215460] Last level dTLB entries: 4KB 0, 2MB 0, 4MB 0, 1GB 0
[    4.216465] Spectre V1 : Mitigation: usercopy/swapgs barriers and __user pointer sanitization
[    4.217461] Spectre V2 : Mitigation: Enhanced IBRS
[    4.218460] Spectre V2 : Spectre v2 / SpectreRSB mitigation: Filling RSB on context switch
[    4.219461] Spectre V2 : mitigation: Enabling conditional Indirect Branch Prediction Barrier
[    4.220461] Speculative Store Bypass: Mitigation: Speculative Store Bypass disabled via prctl and seccomp
[    4.229500] Freeing SMP alternatives memory: 44K
[    4.230616] smpboot: Estimated ratio of average max frequency by base frequency (times 1024): 1450
[    4.231480] smpboot: CPU0: Intel(R) Xeon(R) Platinum 8360Y CPU @ 2.40GHz (family: 0x6, model: 0x6a, stepping: 0x6)
[    4.232712] Performance Events: PEBS fmt4+-baseline,  AnyThread deprecated, Icelake events, 32-deep LBR, full-width counters, Intel PMU driver.
[    4.233461] ... version:                5
[    4.234460] ... bit width:              48
[    4.235460] ... generic registers:      8
[    4.236460] ... value mask:             0000ffffffffffff
[    4.237460] ... max period:             00007fffffffffff
[    4.238460] ... fixed-purpose events:   4
[    4.239460] ... event mask:             0001000f000000ff
[    4.240600] rcu: Hierarchical SRCU implementation.
[    4.250818] NMI watchdog: Enabled. Permanently consumes one hw-PMU counter.
[    4.252738] smp: Bringing up secondary CPUs ...
[    4.253549] x86: Booting SMP configuration:
[    4.254462] .... node  #0, CPUs:          #1   #2   #3   #4   #5   #6   #7   #8   #9  #10  #11  #12  #13  #14  #15  #16  #17  #18  #19  #20  #21  #22  #23  #24  #25  #26  #27  #28  #29  #30  #31  #32  #33  #34  #35
[    4.449463] .... node  #1, CPUs:    #36
[    2.308489] smpboot: CPU 36 Converting physical 0 to logical die 1
[    4.525561]   #37  #38  #39  #40  #41  #42  #43  #44  #45  #46  #47  #48  #49  #50  #51  #52  #53  #54  #55  #56  #57  #58  #59  #60  #61  #62  #63  #64  #65  #66  #67  #68  #69  #70  #71
[    4.720462] .... node  #0, CPUs:    #72  #73  #74  #75  #76  #77  #78  #79  #80  #81  #82  #83  #84  #85  #86  #87  #88  #89  #90  #91  #92  #93  #94  #95  #96  #97  #98  #99 #100 #101 #102 #103 #104 #105 #106 #107
[    4.917461] .... node  #1, CPUs:   #108 #109 #110 #111 #112 #113 #114 #115 #116 #117 #118 #119 #120 #121 #122 #123 #124 #125 #126 #127 #128 #129 #130 #131 #132 #133 #134 #135 #136 #137 #138 #139 #140 #141 #142 #143
[    5.118077] smp: Brought up 2 nodes, 144 CPUs
[    5.119461] smpboot: Max logical packages: 2
[    5.120463] smpboot: Total of 144 processors activated (691694.35 BogoMIPS)
[    5.134462] devtmpfs: initialized
[    5.135504] x86/mm: Memory block size: 2048MB
[    5.137482] PM: Registering ACPI NVS region [mem 0x0009f000-0x0009ffff] (4096 bytes)
[    5.138461] PM: Registering ACPI NVS region [mem 0x65222000-0x6671efff] (22007808 bytes)
[    5.139851] clocksource: jiffies: mask: 0xffffffff max_cycles: 0xffffffff, max_idle_ns: 1911260446275000 ns
[    5.140546] futex hash table entries: 65536 (order: 10, 4194304 bytes, vmalloc)
[    5.142061] pinctrl core: initialized pinctrl subsystem
[    5.142632] PM: RTC time: 08:17:11, date: 2021-09-28
[    5.143704] NET: Registered protocol family 16
[    5.144582] DMA: preallocated 4096 KiB GFP_KERNEL pool for atomic allocations
[    5.145469] DMA: preallocated 4096 KiB GFP_KERNEL|GFP_DMA pool for atomic allocations
[    5.146468] DMA: preallocated 4096 KiB GFP_KERNEL|GFP_DMA32 pool for atomic allocations
[    5.147482] audit: initializing netlink subsys (disabled)
[    5.148485] audit: type=2000 audit(1632817027.024:1): state=initialized audit_enabled=0 res=1
[    5.148591] thermal_sys: Registered thermal governor 'fair_share'
[    5.149462] thermal_sys: Registered thermal governor 'bang_bang'
[    5.150461] thermal_sys: Registered thermal governor 'step_wise'
[    5.151460] thermal_sys: Registered thermal governor 'user_space'
[    5.152481] cpuidle: using governor menu
[    5.162547] ACPI: bus type PCI registered
[    5.166462] acpiphp: ACPI Hot Plug PCI Controller Driver version: 0.5
[    5.173623] PCI: MMCONFIG for domain 0000 [bus 00-ff] at [mem 0x80000000-0x8fffffff] (base 0x80000000)
[    5.182463] PCI: MMCONFIG at [mem 0x80000000-0x8fffffff] reserved in E820
[    5.189472] pmd_set_huge: Cannot satisfy [mem 0x80000000-0x80200000] with a huge-page mapping due to MTRR override.
[    5.199713] PCI: Using configuration type 1 for base access
[    5.208464] ENERGY_PERF_BIAS: Set to 'normal', was 'performance'
[    5.214097] Kprobes globally optimized
[    5.217528] HugeTLB registered 1.00 GiB page size, pre-allocated 0 pages
[    5.224462] HugeTLB registered 2.00 MiB page size, pre-allocated 0 pages
[    5.355584] cryptd: max_cpu_qlen set to 1000
[    5.368518] alg: No test for 842 (842-generic)
[    5.372477] alg: No test for 842 (842-scomp)
[    5.377479] wait_for_initramfs() called before rootfs_initcalls
[    5.385610] raid6: skip pq benchmark and using algorithm avx512x4
[    5.391463] raid6: using avx512x2 recovery algorithm
[    5.396805] ACPI: Added _OSI(Module Device)
[    5.401463] ACPI: Added _OSI(Processor Device)
[    5.405461] ACPI: Added _OSI(3.0 _SCP Extensions)
[    5.410469] ACPI: Added _OSI(Processor Aggregator Device)
[    5.415463] ACPI: Added _OSI(Linux-Dell-Video)
[    5.420462] ACPI: Added _OSI(Linux-Lenovo-NV-HDMI-Audio)
[    5.425461] ACPI: Added _OSI(Linux-HPI-Hybrid-Graphics)
[    5.548949] ACPI: 7 ACPI AML tables successfully acquired and loaded
[    5.588344] ACPI: Dynamic OEM Table Load:
[    5.709227] ACPI: Dynamic OEM Table Load:
[    5.732957] ACPI: Dynamic OEM Table Load:
[    5.975001] ACPI: Interpreter enabled
[    5.978477] ACPI: (supports S0 S5)
[    5.982461] ACPI: Using IOAPIC for interrupt routing
[    5.987501] HEST: Table parsing has been initialized.
[    5.992462] PCI: Using host bridge windows from ACPI; if necessary, use "pci=nocrs" and report a bug
[    6.019947] ACPI: Enabled 5 GPEs in block 00 to 7F
[    6.117123] ACPI: PCI Root Bridge [PC00] (domain 0000 [bus 00-15])
[    6.123464] acpi PNP0A08:00: _OSC: OS supports [ExtendedConfig ASPM ClockPM Segments MSI EDR HPX-Type3]
[    6.152338] acpi PNP0A08:00: _OSC: platform does not support [SHPCHotplug AER LTR DPC]
[    6.160656] acpi PNP0A08:00: _OSC: OS now controls [PCIeHotplug PME PCIeCapability]
[    6.169700] PCI host bridge to bus 0000:00
[    6.173461] pci_bus 0000:00: root bus resource [io  0x0000-0x0cf7 window]
[    6.180462] pci_bus 0000:00: root bus resource [io  0x1000-0x4fff window]
[    6.186461] pci_bus 0000:00: root bus resource [mem 0x000a0000-0x000bffff window]
[    6.194461] pci_bus 0000:00: root bus resource [mem 0x000c8000-0x000cffff window]
[    6.201461] pci_bus 0000:00: root bus resource [mem 0xfe010000-0xfe010fff window]
[    6.209461] pci_bus 0000:00: root bus resource [mem 0x90000000-0x9b7fffff window]
[    6.216461] pci_bus 0000:00: root bus resource [mem 0x200000000000-0x200fffffffff window]
[    6.224461] pci_bus 0000:00: root bus resource [bus 00-15]
[    6.230472] pci 0000:00:00.0: [8086:09a2] type 00 class 0x088000
[    6.236964] pci 0000:00:00.1: [8086:09a4] type 00 class 0x088000
[    6.242935] pci 0000:00:00.2: [8086:09a3] type 00 class 0x088000
[    6.249938] pci 0000:00:00.4: [8086:0998] type 00 class 0x060000
[    6.255934] pci 0000:00:01.0: [8086:0b00] type 00 class 0x088000
[    6.262469] pci 0000:00:01.0: reg 0x10: [mem 0x200ffff50000-0x200ffff53fff 64bit]
[    6.269943] pci 0000:00:01.1: [8086:0b00] type 00 class 0x088000
[    6.275468] pci 0000:00:01.1: reg 0x10: [mem 0x200ffff4c000-0x200ffff4ffff 64bit]
[    6.283944] pci 0000:00:01.2: [8086:0b00] type 00 class 0x088000
[    6.289468] pci 0000:00:01.2: reg 0x10: [mem 0x200ffff48000-0x200ffff4bfff 64bit]
[    6.297946] pci 0000:00:01.3: [8086:0b00] type 00 class 0x088000
[    6.303468] pci 0000:00:01.3: reg 0x10: [mem 0x200ffff44000-0x200ffff47fff 64bit]
[    6.311946] pci 0000:00:01.4: [8086:0b00] type 00 class 0x088000
[    6.317469] pci 0000:00:01.4: reg 0x10: [mem 0x200ffff40000-0x200ffff43fff 64bit]
[    6.325942] pci 0000:00:01.5: [8086:0b00] type 00 class 0x088000
[    6.331468] pci 0000:00:01.5: reg 0x10: [mem 0x200ffff3c000-0x200ffff3ffff 64bit]
[    6.339942] pci 0000:00:01.6: [8086:0b00] type 00 class 0x088000
[    6.345468] pci 0000:00:01.6: reg 0x10: [mem 0x200ffff38000-0x200ffff3bfff 64bit]
[    6.352943] pci 0000:00:01.7: [8086:0b00] type 00 class 0x088000
[    6.359468] pci 0000:00:01.7: reg 0x10: [mem 0x200ffff34000-0x200ffff37fff 64bit]
[    6.366940] pci 0000:00:02.0: [8086:09a6] type 00 class 0x088000
[    6.373468] pci 0000:00:02.0: reg 0x10: [mem 0x92488000-0x92489fff]
[    6.379933] pci 0000:00:02.1: [8086:09a7] type 00 class 0x088000
[    6.385468] pci 0000:00:02.1: reg 0x10: [mem 0x92400000-0x9247ffff]
[    6.392465] pci 0000:00:02.1: reg 0x14: [mem 0x92380000-0x923fffff]
[    6.398937] pci 0000:00:02.4: [8086:3456] type 00 class 0x130000
[    6.404468] pci 0000:00:02.4: reg 0x10: [mem 0x200fffe00000-0x200fffefffff 64bit]
[    6.412465] pci 0000:00:02.4: reg 0x18: [mem 0x200ffff30000-0x200ffff33fff 64bit]
[    6.419465] pci 0000:00:02.4: reg 0x20: [mem 0x200ffff00000-0x200ffff1ffff 64bit]
[    6.427946] pci 0000:00:11.0: [8086:a1ec] type 00 class 0xff0000
[    6.433952] pci 0000:00:11.1: [8086:a1ed] type 00 class 0xff0000
[    6.440953] pci 0000:00:11.5: [8086:a1d2] type 00 class 0x010601
[    6.446472] pci 0000:00:11.5: reg 0x10: [mem 0x92486000-0x92487fff]
[    6.452468] pci 0000:00:11.5: reg 0x14: [mem 0x9248c000-0x9248c0ff]
[    6.459467] pci 0000:00:11.5: reg 0x18: [io  0x4068-0x406f]
[    6.464467] pci 0000:00:11.5: reg 0x1c: [io  0x4074-0x4077]
[    6.470467] pci 0000:00:11.5: reg 0x20: [io  0x4040-0x405f]
[    6.475467] pci 0000:00:11.5: reg 0x24: [mem 0x92280000-0x922fffff]
[    6.482497] pci 0000:00:11.5: PME# supported from D3hot
[    6.488067] pci 0000:00:14.0: [8086:a1af] type 00 class 0x0c0330
[    6.493477] pci 0000:00:14.0: reg 0x10: [mem 0x200ffff20000-0x200ffff2ffff 64bit]
[    6.501523] pci 0000:00:14.0: PME# supported from D3hot D3cold
[    6.508054] pci 0000:00:14.2: [8086:a1b1] type 00 class 0x118000
[    6.513477] pci 0000:00:14.2: reg 0x10: [mem 0x200ffff58000-0x200ffff58fff 64bit]
[    6.521994] pci 0000:00:16.0: [8086:a1ba] type 00 class 0x078000
[    6.527483] pci 0000:00:16.0: reg 0x10: [mem 0x200ffff57000-0x200ffff57fff 64bit]
[    6.535544] pci 0000:00:16.0: PME# supported from D3hot
[    6.540930] pci 0000:00:16.1: [8086:a1bb] type 00 class 0x078000
[    6.546483] pci 0000:00:16.1: reg 0x10: [mem 0x200ffff56000-0x200ffff56fff 64bit]
[    6.554543] pci 0000:00:16.1: PME# supported from D3hot
[    6.559936] pci 0000:00:16.4: [8086:a1be] type 00 class 0x078000
[    6.566483] pci 0000:00:16.4: reg 0x10: [mem 0x200ffff55000-0x200ffff55fff 64bit]
[    6.573543] pci 0000:00:16.4: PME# supported from D3hot
[    6.578935] pci 0000:00:17.0: [8086:a182] type 00 class 0x010601
[    6.585473] pci 0000:00:17.0: reg 0x10: [mem 0x92484000-0x92485fff]
[    6.591467] pci 0000:00:17.0: reg 0x14: [mem 0x9248b000-0x9248b0ff]
[    6.597467] pci 0000:00:17.0: reg 0x18: [io  0x4060-0x4067]
[    6.603467] pci 0000:00:17.0: reg 0x1c: [io  0x4070-0x4073]
[    6.608467] pci 0000:00:17.0: reg 0x20: [io  0x4020-0x403f]
[    6.614467] pci 0000:00:17.0: reg 0x24: [mem 0x92200000-0x9227ffff]
[    6.620497] pci 0000:00:17.0: PME# supported from D3hot
[    6.626068] pci 0000:00:1c.0: [8086:a194] type 01 class 0x060400
[    6.632534] pci 0000:00:1c.0: PME# supported from D0 D3hot D3cold
[    6.639307] pci 0000:00:1c.5: [8086:a195] type 01 class 0x060400
[    6.645533] pci 0000:00:1c.5: PME# supported from D0 D3hot D3cold
[    6.652292] pci 0000:00:1f.0: [8086:a1cb] type 00 class 0x060100
[    6.659098] pci 0000:00:1f.2: [8086:a1a1] type 00 class 0x058000
[    6.664472] pci 0000:00:1f.2: reg 0x10: [mem 0x92480000-0x92483fff]
[    6.672066] pci 0000:00:1f.4: [8086:a1a3] type 00 class 0x0c0500
[    6.677477] pci 0000:00:1f.4: reg 0x10: [mem 0x200ffff54000-0x200ffff540ff 64bit]
[    6.685477] pci 0000:00:1f.4: reg 0x20: [io  0x4000-0x401f]
[    6.690932] pci 0000:00:1f.5: [8086:a1a4] type 00 class 0x0c8000
[    6.697475] pci 0000:00:1f.5: reg 0x10: [mem 0xfe010000-0xfe010fff]
[    6.704042] pci 0000:01:00.0: [8086:1533] type 00 class 0x020000
[    6.709497] pci 0000:01:00.0: reg 0x10: [mem 0x92100000-0x9217ffff]
[    6.716499] pci 0000:01:00.0: reg 0x18: [io  0x3000-0x301f]
[    6.721486] pci 0000:01:00.0: reg 0x1c: [mem 0x92180000-0x92183fff]
[    6.728611] pci 0000:01:00.0: PME# supported from D0 D3hot D3cold
[    6.734627] pci 0000:00:1c.0: PCI bridge to [bus 01]
[    6.739462] pci 0000:00:1c.0:   bridge window [io  0x3000-0x3fff]
[    6.745462] pci 0000:00:1c.0:   bridge window [mem 0x92100000-0x921fffff]
[    6.752541] pci 0000:02:00.0: [1a03:1150] type 01 class 0x060400
[    6.758578] pci 0000:02:00.0: enabling Extended Tags
[    6.763567] pci 0000:02:00.0: supports D1 D2
[    6.767461] pci 0000:02:00.0: PME# supported from D0 D1 D2 D3hot D3cold
[    6.774606] pci 0000:00:1c.5: PCI bridge to [bus 02-03]
[    6.779463] pci 0000:00:1c.5:   bridge window [io  0x2000-0x2fff]
[    6.785462] pci 0000:00:1c.5:   bridge window [mem 0x91000000-0x920fffff]
[    6.792532] pci_bus 0000:03: extended config space not accessible
[    6.798486] pci 0000:03:00.0: [1a03:2000] type 00 class 0x030000
[    6.804495] pci 0000:03:00.0: reg 0x10: [mem 0x91000000-0x91ffffff]
[    6.810474] pci 0000:03:00.0: reg 0x14: [mem 0x92000000-0x9201ffff]
[    6.817474] pci 0000:03:00.0: reg 0x18: [io  0x2000-0x207f]
[    6.822563] pci 0000:03:00.0: BAR 0: assigned to efifb
[    6.827542] pci 0000:03:00.0: supports D1 D2
[    6.832461] pci 0000:03:00.0: PME# supported from D0 D1 D2 D3hot D3cold
[    6.838629] pci 0000:02:00.0: PCI bridge to [bus 03]
[    6.843469] pci 0000:02:00.0:   bridge window [io  0x2000-0x2fff]
[    6.849469] pci 0000:02:00.0:   bridge window [mem 0x91000000-0x920fffff]
[    6.856488] pci_bus 0000:00: on NUMA node 0
[    6.856945] ACPI: PCI Root Bridge [PC01] (domain 0000 [bus 16-2f])
[    6.863463] acpi PNP0A08:01: _OSC: OS supports [ExtendedConfig ASPM ClockPM Segments MSI EDR HPX-Type3]
[    6.880439] acpi PNP0A08:01: _OSC: platform does not support [SHPCHotplug AER DPC]
[    6.888700] acpi PNP0A08:01: _OSC: OS now controls [PCIeHotplug PME PCIeCapability LTR]
[    6.896546] PCI host bridge to bus 0000:16
[    6.900461] pci_bus 0000:16: root bus resource [io  0x5000-0x6fff window]
[    6.907462] pci_bus 0000:16: root bus resource [mem 0x9b800000-0xa63fffff window]
[    6.914461] pci_bus 0000:16: root bus resource [mem 0x201000000000-0x201fffffffff window]
[    6.922461] pci_bus 0000:16: root bus resource [bus 16-2f]
[    6.928468] pci 0000:16:00.0: [8086:09a2] type 00 class 0x088000
[    6.934529] pci 0000:16:00.1: [8086:09a4] type 00 class 0x088000
[    6.940528] pci 0000:16:00.2: [8086:09a3] type 00 class 0x088000
[    6.946527] pci 0000:16:00.4: [8086:0998] type 00 class 0x060000
[    6.952533] pci_bus 0000:16: on NUMA node 0
[    6.952608] ACPI: PCI Root Bridge [PC02] (domain 0000 [bus 30-49])
[    6.958462] acpi PNP0A08:02: _OSC: OS supports [ExtendedConfig ASPM ClockPM Segments MSI EDR HPX-Type3]
[    6.976281] acpi PNP0A08:02: _OSC: platform does not support [SHPCHotplug AER DPC]
[    6.983694] acpi PNP0A08:02: _OSC: OS now controls [PCIeHotplug PME PCIeCapability LTR]
[    6.991544] PCI host bridge to bus 0000:30
[    6.995461] pci_bus 0000:30: root bus resource [io  0x7000-0x8fff window]
[    7.002461] pci_bus 0000:30: root bus resource [mem 0xa6400000-0xb0ffffff window]
[    7.009461] pci_bus 0000:30: root bus resource [mem 0x202000000000-0x202fffffffff window]
[    7.018461] pci_bus 0000:30: root bus resource [bus 30-49]
[    7.023469] pci 0000:30:00.0: [8086:09a2] type 00 class 0x088000
[    7.029527] pci 0000:30:00.1: [8086:09a4] type 00 class 0x088000
[    7.035529] pci 0000:30:00.2: [8086:09a3] type 00 class 0x088000
[    7.041529] pci 0000:30:00.4: [8086:0998] type 00 class 0x060000
[    7.047529] pci 0000:30:02.0: [8086:347a] type 01 class 0x060400
[    7.053469] pci 0000:30:02.0: reg 0x10: [mem 0x202ffff00000-0x202ffff1ffff 64bit]
[    7.061471] pci 0000:30:02.0: enabling Extended Tags
[    7.066489] pci 0000:30:02.0: PME# supported from D0 D3hot D3cold
[    7.072858] pci 0000:31:00.0: [8086:1533] type 00 class 0x020000
[    7.078493] pci 0000:31:00.0: reg 0x10: [mem 0xa6400000-0xa64fffff]
[    7.084504] pci 0000:31:00.0: reg 0x1c: [mem 0xa6500000-0xa6503fff]
[    7.091504] pci 0000:31:00.0: reg 0x30: [mem 0xfff00000-0xffffffff pref]
[    7.097558] pci 0000:31:00.0: PME# supported from D0 D3hot D3cold
[    7.104600] pci 0000:30:02.0: PCI bridge to [bus 31]
[    7.109463] pci 0000:30:02.0:   bridge window [mem 0xa6400000-0xa65fffff]
[    7.115467] pci_bus 0000:30: on NUMA node 0
[    7.115557] ACPI: PCI Root Bridge [PC04] (domain 0000 [bus 4a-63])
[    7.122462] acpi PNP0A08:04: _OSC: OS supports [ExtendedConfig ASPM ClockPM Segments MSI EDR HPX-Type3]
[    7.139217] acpi PNP0A08:04: _OSC: platform does not support [SHPCHotplug AER DPC]
[    7.146694] acpi PNP0A08:04: _OSC: OS now controls [PCIeHotplug PME PCIeCapability LTR]
[    7.154544] PCI host bridge to bus 0000:4a
[    7.159461] pci_bus 0000:4a: root bus resource [io  0x9000-0x9fff window]
[    7.165461] pci_bus 0000:4a: root bus resource [mem 0xb1000000-0xbbbfffff window]
[    7.173462] pci_bus 0000:4a: root bus resource [mem 0x203000000000-0x203fffffffff window]
[    7.181461] pci_bus 0000:4a: root bus resource [bus 4a-63]
[    7.186469] pci 0000:4a:00.0: [8086:09a2] type 00 class 0x088000
[    7.192527] pci 0000:4a:00.1: [8086:09a4] type 00 class 0x088000
[    7.198529] pci 0000:4a:00.2: [8086:09a3] type 00 class 0x088000
[    7.204527] pci 0000:4a:00.4: [8086:0998] type 00 class 0x060000
[    7.210535] pci_bus 0000:4a: on NUMA node 0
[    7.210607] ACPI: PCI Root Bridge [PC05] (domain 0000 [bus 64-7d])
[    7.217462] acpi PNP0A08:05: _OSC: OS supports [ExtendedConfig ASPM ClockPM Segments MSI EDR HPX-Type3]
[    7.234215] acpi PNP0A08:05: _OSC: platform does not support [SHPCHotplug AER DPC]
[    7.241694] acpi PNP0A08:05: _OSC: OS now controls [PCIeHotplug PME PCIeCapability LTR]
[    7.250541] PCI host bridge to bus 0000:64
[    7.254461] pci_bus 0000:64: root bus resource [io  0xa000-0xafff window]
[    7.260461] pci_bus 0000:64: root bus resource [mem 0xbbc00000-0xc5ffffff window]
[    7.268461] pci_bus 0000:64: root bus resource [mem 0x204000000000-0x204fffffffff window]
[    7.276461] pci_bus 0000:64: root bus resource [bus 64-7d]
[    7.282468] pci 0000:64:00.0: [8086:09a2] type 00 class 0x088000
[    7.288526] pci 0000:64:00.1: [8086:09a4] type 00 class 0x088000
[    7.294527] pci 0000:64:00.2: [8086:09a3] type 00 class 0x088000
[    7.300526] pci 0000:64:00.4: [8086:0998] type 00 class 0x060000
[    7.306533] pci_bus 0000:64: on NUMA node 0
[    7.306599] ACPI: PCI Root Bridge [UC06] (domain 0000 [bus 7e])
[    7.312462] acpi PNP0A03:00: _OSC: OS supports [ExtendedConfig ASPM ClockPM Segments MSI EDR HPX-Type3]
[    7.321558] acpi PNP0A03:00: _OSC: platform does not support [SHPCHotplug AER LTR DPC]
[    7.329565] acpi PNP0A03:00: _OSC: OS now controls [PCIeHotplug PME PCIeCapability]
[    7.337542] PCI host bridge to bus 0000:7e
[    7.341461] pci_bus 0000:7e: root bus resource [bus 7e]
[    7.346467] pci 0000:7e:00.0: [8086:3450] type 00 class 0x088000
[    7.352538] pci 0000:7e:00.1: [8086:3451] type 00 class 0x088000
[    7.358519] pci 0000:7e:00.2: [8086:3452] type 00 class 0x088000
[    7.364523] pci 0000:7e:00.3: [8086:0998] type 00 class 0x060000
[    7.370523] pci 0000:7e:00.5: [8086:3455] type 00 class 0x088000
[    7.376529] pci 0000:7e:02.0: [8086:3440] type 00 class 0x088000
[    7.382594] pci 0000:7e:02.1: [8086:3441] type 00 class 0x088000
[    7.388576] pci 0000:7e:02.2: [8086:3442] type 00 class 0x088000
[    7.394573] pci 0000:7e:03.0: [8086:3440] type 00 class 0x088000
[    7.401559] pci 0000:7e:03.1: [8086:3441] type 00 class 0x088000
[    7.407542] pci 0000:7e:03.2: [8086:3442] type 00 class 0x088000
[    7.413550] pci 0000:7e:04.0: [8086:3440] type 00 class 0x088000
[    7.419585] pci 0000:7e:04.1: [8086:3441] type 00 class 0x088000
[    7.425585] pci 0000:7e:04.2: [8086:3442] type 00 class 0x088000
[    7.431581] pci 0000:7e:04.3: [8086:3443] type 00 class 0x088000
[    7.437587] pci 0000:7e:05.0: [8086:3445] type 00 class 0x088000
[    7.443594] pci 0000:7e:05.1: [8086:3446] type 00 class 0x088000
[    7.449580] pci 0000:7e:05.2: [8086:3447] type 00 class 0x088000
[    7.455577] pci 0000:7e:06.0: [8086:3445] type 00 class 0x088000
[    7.461559] pci 0000:7e:06.1: [8086:3446] type 00 class 0x088000
[    7.468545] pci 0000:7e:06.2: [8086:3447] type 00 class 0x088000
[    7.474553] pci 0000:7e:07.0: [8086:3445] type 00 class 0x088000
[    7.480602] pci 0000:7e:07.1: [8086:3446] type 00 class 0x088000
[    7.486589] pci 0000:7e:07.2: [8086:3447] type 00 class 0x088000
[    7.492584] pci 0000:7e:0b.0: [8086:3448] type 00 class 0x088000
[    7.498545] pci 0000:7e:0b.1: [8086:3448] type 00 class 0x088000
[    7.504532] pci 0000:7e:0b.2: [8086:344b] type 00 class 0x088000
[    7.510535] pci 0000:7e:0c.0: [8086:344a] type 00 class 0x110100
[    7.516571] pci 0000:7e:0d.0: [8086:344a] type 00 class 0x110100
[    7.522567] pci 0000:7e:0e.0: [8086:344a] type 00 class 0x110100
[    7.528614] pci 0000:7e:0f.0: [8086:344a] type 00 class 0x110100
[    7.534622] pci 0000:7e:1a.0: [8086:2880] type 00 class 0x110100
[    7.541569] pci 0000:7e:1b.0: [8086:2880] type 00 class 0x110100
[    7.547567] pci 0000:7e:1c.0: [8086:2880] type 00 class 0x110100
[    7.553619] pci 0000:7e:1d.0: [8086:2880] type 00 class 0x110100
[    7.559614] pci_bus 0000:7e: on NUMA node 0
[    7.559668] ACPI: PCI Root Bridge [UC07] (domain 0000 [bus 7f])
[    7.565462] acpi PNP0A03:01: _OSC: OS supports [ExtendedConfig ASPM ClockPM Segments MSI EDR HPX-Type3]
[    7.574562] acpi PNP0A03:01: _OSC: platform does not support [SHPCHotplug AER LTR DPC]
[    7.582565] acpi PNP0A03:01: _OSC: OS now controls [PCIeHotplug PME PCIeCapability]
[    7.590556] PCI host bridge to bus 0000:7f
[    7.594461] pci_bus 0000:7f: root bus resource [bus 7f]
[    7.599472] pci 0000:7f:00.0: [8086:344c] type 00 class 0x088000
[    7.605582] pci 0000:7f:00.1: [8086:344c] type 00 class 0x088000
[    7.611581] pci 0000:7f:00.2: [8086:344c] type 00 class 0x088000
[    7.618576] pci 0000:7f:00.3: [8086:344c] type 00 class 0x088000
[    7.624562] pci 0000:7f:00.4: [8086:344c] type 00 class 0x088000
[    7.630560] pci 0000:7f:00.5: [8086:344c] type 00 class 0x088000
[    7.636584] pci 0000:7f:00.6: [8086:344c] type 00 class 0x088000
[    7.642583] pci 0000:7f:00.7: [8086:344c] type 00 class 0x088000
[    7.648558] pci 0000:7f:01.0: [8086:344c] type 00 class 0x088000
[    7.654607] pci 0000:7f:01.1: [8086:344c] type 00 class 0x088000
[    7.660587] pci 0000:7f:01.2: [8086:344c] type 00 class 0x088000
[    7.666546] pci 0000:7f:01.3: [8086:344c] type 00 class 0x088000
[    7.672554] pci 0000:7f:01.4: [8086:344c] type 00 class 0x088000
[    7.678596] pci 0000:7f:01.5: [8086:344c] type 00 class 0x088000
[    7.685596] pci 0000:7f:01.6: [8086:344c] type 00 class 0x088000
[    7.691600] pci 0000:7f:01.7: [8086:344c] type 00 class 0x088000
[    7.697600] pci 0000:7f:02.0: [8086:344c] type 00 class 0x088000
[    7.703629] pci 0000:7f:02.1: [8086:344c] type 00 class 0x088000
[    7.709592] pci 0000:7f:02.2: [8086:344c] type 00 class 0x088000
[    7.715589] pci 0000:7f:02.3: [8086:344c] type 00 class 0x088000
[    7.721599] pci 0000:7f:02.4: [8086:344c] type 00 class 0x088000
[    7.727595] pci 0000:7f:02.5: [8086:344c] type 00 class 0x088000
[    7.734594] pci 0000:7f:02.6: [8086:344c] type 00 class 0x088000
[    7.740601] pci 0000:7f:02.7: [8086:344c] type 00 class 0x088000
[    7.746602] pci 0000:7f:03.0: [8086:344c] type 00 class 0x088000
[    7.752615] pci 0000:7f:03.1: [8086:344c] type 00 class 0x088000
[    7.758603] pci 0000:7f:03.2: [8086:344c] type 00 class 0x088000
[    7.764608] pci 0000:7f:03.3: [8086:344c] type 00 class 0x088000
[    7.770605] pci 0000:7f:03.4: [8086:344c] type 00 class 0x088000
[    7.776608] pci 0000:7f:03.5: [8086:344c] type 00 class 0x088000
[    7.782614] pci 0000:7f:03.6: [8086:344c] type 00 class 0x088000
[    7.789615] pci 0000:7f:03.7: [8086:344c] type 00 class 0x088000
[    7.795613] pci 0000:7f:04.0: [8086:344c] type 00 class 0x088000
[    7.801628] pci 0000:7f:04.1: [8086:344c] type 00 class 0x088000
[    7.807622] pci 0000:7f:04.2: [8086:344c] type 00 class 0x088000
[    7.813619] pci 0000:7f:04.3: [8086:344c] type 00 class 0x088000
[    7.819622] pci 0000:7f:04.4: [8086:344c] type 00 class 0x088000
[    7.825562] pci 0000:7f:04.5: [8086:344c] type 00 class 0x088000
[    7.832547] pci 0000:7f:04.6: [8086:344c] type 00 class 0x088000
[    7.838596] pci 0000:7f:04.7: [8086:344c] type 00 class 0x088000
[    7.844615] pci 0000:7f:0a.0: [8086:344d] type 00 class 0x088000
[    7.850584] pci 0000:7f:0a.1: [8086:344d] type 00 class 0x088000
[    7.856579] pci 0000:7f:0a.2: [8086:344d] type 00 class 0x088000
[    7.862578] pci 0000:7f:0a.3: [8086:344d] type 00 class 0x088000
[    7.868567] pci 0000:7f:0a.4: [8086:344d] type 00 class 0x088000
[    7.874561] pci 0000:7f:0a.5: [8086:344d] type 00 class 0x088000
[    7.880584] pci 0000:7f:0a.6: [8086:344d] type 00 class 0x088000
[    7.886579] pci 0000:7f:0a.7: [8086:344d] type 00 class 0x088000
[    7.893560] pci 0000:7f:0b.0: [8086:344d] type 00 class 0x088000
[    7.899589] pci 0000:7f:0b.1: [8086:344d] type 00 class 0x088000
[    7.905584] pci 0000:7f:0b.2: [8086:344d] type 00 class 0x088000
[    7.911547] pci 0000:7f:0b.3: [8086:344d] type 00 class 0x088000
[    7.917551] pci 0000:7f:0b.4: [8086:344d] type 00 class 0x088000
[    7.923596] pci 0000:7f:0b.5: [8086:344d] type 00 class 0x088000
[    7.929599] pci 0000:7f:0b.6: [8086:344d] type 00 class 0x088000
[    7.935600] pci 0000:7f:0b.7: [8086:344d] type 00 class 0x088000
[    7.941603] pci 0000:7f:0c.0: [8086:344d] type 00 class 0x088000
[    7.947620] pci 0000:7f:0c.1: [8086:344d] type 00 class 0x088000
[    7.954588] pci 0000:7f:0c.2: [8086:344d] type 00 class 0x088000
[    7.960591] pci 0000:7f:0c.3: [8086:344d] type 00 class 0x088000
[    7.966597] pci 0000:7f:0c.4: [8086:344d] type 00 class 0x088000
[    7.972594] pci 0000:7f:0c.5: [8086:344d] type 00 class 0x088000
[    7.978599] pci 0000:7f:0c.6: [8086:344d] type 00 class 0x088000
[    7.984603] pci 0000:7f:0c.7: [8086:344d] type 00 class 0x088000
[    7.990604] pci 0000:7f:0d.0: [8086:344d] type 00 class 0x088000
[    7.996615] pci 0000:7f:0d.1: [8086:344d] type 00 class 0x088000
[    8.002603] pci 0000:7f:0d.2: [8086:344d] type 00 class 0x088000
[    8.009607] pci 0000:7f:0d.3: [8086:344d] type 00 class 0x088000
[    8.015606] pci 0000:7f:0d.4: [8086:344d] type 00 class 0x088000
[    8.021607] pci 0000:7f:0d.5: [8086:344d] type 00 class 0x088000
[    8.027617] pci 0000:7f:0d.6: [8086:344d] type 00 class 0x088000
[    8.033619] pci 0000:7f:0d.7: [8086:344d] type 00 class 0x088000
[    8.039611] pci 0000:7f:0e.0: [8086:344d] type 00 class 0x088000
[    8.045627] pci 0000:7f:0e.1: [8086:344d] type 00 class 0x088000
[    8.051622] pci 0000:7f:0e.2: [8086:344d] type 00 class 0x088000
[    8.058618] pci 0000:7f:0e.3: [8086:344d] type 00 class 0x088000
[    8.064624] pci 0000:7f:0e.4: [8086:344d] type 00 class 0x088000
[    8.070562] pci 0000:7f:0e.5: [8086:344d] type 00 class 0x088000
[    8.076547] pci 0000:7f:0e.6: [8086:344d] type 00 class 0x088000
[    8.082601] pci 0000:7f:0e.7: [8086:344d] type 00 class 0x088000
[    8.088627] pci 0000:7f:1d.0: [8086:344f] type 00 class 0x088000
[    8.094591] pci 0000:7f:1d.1: [8086:3457] type 00 class 0x088000
[    8.100577] pci 0000:7f:1e.0: [8086:3458] type 00 class 0x088000
[    8.106544] pci 0000:7f:1e.1: [8086:3459] type 00 class 0x088000
[    8.113530] pci 0000:7f:1e.2: [8086:345a] type 00 class 0x088000
[    8.119531] pci 0000:7f:1e.3: [8086:345b] type 00 class 0x088000
[    8.125529] pci 0000:7f:1e.4: [8086:345c] type 00 class 0x088000
[    8.131531] pci 0000:7f:1e.5: [8086:345d] type 00 class 0x088000
[    8.137530] pci 0000:7f:1e.6: [8086:345e] type 00 class 0x088000
[    8.143529] pci 0000:7f:1e.7: [8086:345f] type 00 class 0x088000
[    8.149531] pci_bus 0000:7f: on NUMA node 0
[    8.149612] ACPI: PCI Root Bridge [PC06] (domain 0000 [bus 80-96])
[    8.155462] acpi PNP0A08:06: _OSC: OS supports [ExtendedConfig ASPM ClockPM Segments MSI EDR HPX-Type3]
[    8.172074] acpi PNP0A08:06: _OSC: platform does not support [SHPCHotplug AER DPC]
[    8.180643] acpi PNP0A08:06: _OSC: OS now controls [PCIeHotplug PME PCIeCapability LTR]
[    8.188556] PCI host bridge to bus 0000:80
[    8.192461] pci_bus 0000:80: root bus resource [io  0xb000-0xbfff window]
[    8.199461] pci_bus 0000:80: root bus resource [mem 0xc6800000-0xd0ffffff window]
[    8.206461] pci_bus 0000:80: root bus resource [mem 0x205000000000-0x205fffffffff window]
[    8.214461] pci_bus 0000:80: root bus resource [bus 80-96]
[    8.220469] pci 0000:80:00.0: [8086:09a2] type 00 class 0x088000
[    8.226555] pci 0000:80:00.1: [8086:09a4] type 00 class 0x088000
[    8.232537] pci 0000:80:00.2: [8086:09a3] type 00 class 0x088000
[    8.238537] pci 0000:80:00.4: [8086:0998] type 00 class 0x060000
[    8.244541] pci 0000:80:01.0: [8086:0b00] type 00 class 0x088000
[    8.250469] pci 0000:80:01.0: reg 0x10: [mem 0x205ffff40000-0x205ffff43fff 64bit]
[    8.257553] pci 0000:80:01.1: [8086:0b00] type 00 class 0x088000
[    8.263469] pci 0000:80:01.1: reg 0x10: [mem 0x205ffff3c000-0x205ffff3ffff 64bit]
[    8.271556] pci 0000:80:01.2: [8086:0b00] type 00 class 0x088000
[    8.277469] pci 0000:80:01.2: reg 0x10: [mem 0x205ffff38000-0x205ffff3bfff 64bit]
[    8.284549] pci 0000:80:01.3: [8086:0b00] type 00 class 0x088000
[    8.290469] pci 0000:80:01.3: reg 0x10: [mem 0x205ffff34000-0x205ffff37fff 64bit]
[    8.298550] pci 0000:80:01.4: [8086:0b00] type 00 class 0x088000
[    8.304469] pci 0000:80:01.4: reg 0x10: [mem 0x205ffff30000-0x205ffff33fff 64bit]
[    8.311552] pci 0000:80:01.5: [8086:0b00] type 00 class 0x088000
[    8.318469] pci 0000:80:01.5: reg 0x10: [mem 0x205ffff2c000-0x205ffff2ffff 64bit]
[    8.325557] pci 0000:80:01.6: [8086:0b00] type 00 class 0x088000
[    8.331469] pci 0000:80:01.6: reg 0x10: [mem 0x205ffff28000-0x205ffff2bfff 64bit]
[    8.338550] pci 0000:80:01.7: [8086:0b00] type 00 class 0x088000
[    8.345469] pci 0000:80:01.7: reg 0x10: [mem 0x205ffff24000-0x205ffff27fff 64bit]
[    8.352548] pci 0000:80:02.0: [8086:09a6] type 00 class 0x088000
[    8.358468] pci 0000:80:02.0: reg 0x10: [mem 0xc6980000-0xc6981fff]
[    8.364524] pci 0000:80:02.1: [8086:09a7] type 00 class 0x088000
[    8.370468] pci 0000:80:02.1: reg 0x10: [mem 0xc6900000-0xc697ffff]
[    8.377466] pci 0000:80:02.1: reg 0x14: [mem 0xc6880000-0xc68fffff]
[    8.383522] pci 0000:80:02.4: [8086:3456] type 00 class 0x130000
[    8.389469] pci 0000:80:02.4: reg 0x10: [mem 0x205fffe00000-0x205fffefffff 64bit]
[    8.396466] pci 0000:80:02.4: reg 0x18: [mem 0x205ffff20000-0x205ffff23fff 64bit]
[    8.404466] pci 0000:80:02.4: reg 0x20: [mem 0x205ffff00000-0x205ffff1ffff 64bit]
[    8.411534] pci_bus 0000:80: on NUMA node 1
[    8.411592] ACPI: PCI Root Bridge [PC07] (domain 0000 [bus 97-af])
[    8.417462] acpi PNP0A08:07: _OSC: OS supports [ExtendedConfig ASPM ClockPM Segments MSI EDR HPX-Type3]
[    8.435233] acpi PNP0A08:07: _OSC: platform does not support [SHPCHotplug AER DPC]
[    8.442697] acpi PNP0A08:07: _OSC: OS now controls [PCIeHotplug PME PCIeCapability LTR]
[    8.450542] PCI host bridge to bus 0000:97
[    8.454461] pci_bus 0000:97: root bus resource [io  0xc000-0xcfff window]
[    8.461461] pci_bus 0000:97: root bus resource [mem 0xd1000000-0xdbbfffff window]
[    8.469461] pci_bus 0000:97: root bus resource [mem 0x206000000000-0x206fffffffff window]
[    8.477461] pci_bus 0000:97: root bus resource [bus 97-af]
[    8.482469] pci 0000:97:00.0: [8086:09a2] type 00 class 0x088000
[    8.488536] pci 0000:97:00.1: [8086:09a4] type 00 class 0x088000
[    8.494533] pci 0000:97:00.2: [8086:09a3] type 00 class 0x088000
[    8.500530] pci 0000:97:00.4: [8086:0998] type 00 class 0x060000
[    8.506542] pci_bus 0000:97: on NUMA node 1
[    8.506629] ACPI: PCI Root Bridge [PC08] (domain 0000 [bus b0-c8])
[    8.513462] acpi PNP0A08:08: _OSC: OS supports [ExtendedConfig ASPM ClockPM Segments MSI EDR HPX-Type3]
[    8.530261] acpi PNP0A08:08: _OSC: platform does not support [SHPCHotplug AER DPC]
[    8.537696] acpi PNP0A08:08: _OSC: OS now controls [PCIeHotplug PME PCIeCapability LTR]
[    8.546537] PCI host bridge to bus 0000:b0
[    8.550461] pci_bus 0000:b0: root bus resource [io  0xd000-0xdfff window]
[    8.556461] pci_bus 0000:b0: root bus resource [mem 0xdbc00000-0xe67fffff window]
[    8.564461] pci_bus 0000:b0: root bus resource [mem 0x207000000000-0x207fffffffff window]
[    8.572462] pci_bus 0000:b0: root bus resource [bus b0-c8]
[    8.577469] pci 0000:b0:00.0: [8086:09a2] type 00 class 0x088000
[    8.583533] pci 0000:b0:00.1: [8086:09a4] type 00 class 0x088000
[    8.590530] pci 0000:b0:00.2: [8086:09a3] type 00 class 0x088000
[    8.596530] pci 0000:b0:00.4: [8086:0998] type 00 class 0x060000
[    8.602536] pci 0000:b0:02.0: [8086:347a] type 01 class 0x060400
[    8.608470] pci 0000:b0:02.0: reg 0x10: [mem 0x207ffff00000-0x207ffff1ffff 64bit]
[    8.615473] pci 0000:b0:02.0: enabling Extended Tags
[    8.620494] pci 0000:b0:02.0: PME# supported from D0 D3hot D3cold
[    8.626814] acpiphp: Slot [9] registered
[    8.630502] pci 0000:b1:00.0: [8086:1563] type 00 class 0x020000
[    8.636481] pci 0000:b1:00.0: reg 0x10: [mem 0x207fffc00000-0x207fffdfffff 64bit pref]
[    8.644488] pci 0000:b1:00.0: reg 0x20: [mem 0x207fffe04000-0x207fffe07fff 64bit pref]
[    8.652471] pci 0000:b1:00.0: reg 0x30: [mem 0xfff80000-0xffffffff pref]
[    8.659539] pci 0000:b1:00.0: PME# supported from D0 D3hot
[    8.664492] pci 0000:b1:00.0: reg 0x184: [mem 0xdbc00000-0xdbc03fff 64bit]
[    8.671461] pci 0000:b1:00.0: VF(n) BAR0 space: [mem 0xdbc00000-0xdbcfffff 64bit] (contains BAR0 for 64 VFs)
[    8.681479] pci 0000:b1:00.0: reg 0x190: [mem 0xdbd00000-0xdbd03fff 64bit]
[    8.688461] pci 0000:b1:00.0: VF(n) BAR3 space: [mem 0xdbd00000-0xdbdfffff 64bit] (contains BAR3 for 64 VFs)
[    8.698719] pci 0000:b1:00.1: [8086:1563] type 00 class 0x020000
[    8.704481] pci 0000:b1:00.1: reg 0x10: [mem 0x207fffa00000-0x207fffbfffff 64bit pref]
[    8.712488] pci 0000:b1:00.1: reg 0x20: [mem 0x207fffe00000-0x207fffe03fff 64bit pref]
[    8.720471] pci 0000:b1:00.1: reg 0x30: [mem 0xfff80000-0xffffffff pref]
[    8.726532] pci 0000:b1:00.1: PME# supported from D0 D3hot
[    8.732488] pci 0000:b1:00.1: reg 0x184: [mem 0xdbe00000-0xdbe03fff 64bit]
[    8.739461] pci 0000:b1:00.1: VF(n) BAR0 space: [mem 0xdbe00000-0xdbefffff 64bit] (contains BAR0 for 64 VFs)
[    8.749479] pci 0000:b1:00.1: reg 0x190: [mem 0xdbf00000-0xdbf03fff 64bit]
[    8.755461] pci 0000:b1:00.1: VF(n) BAR3 space: [mem 0xdbf00000-0xdbffffff 64bit] (contains BAR3 for 64 VFs)
[    8.765703] pci 0000:b0:02.0: PCI bridge to [bus b1-b2]
[    8.771463] pci 0000:b0:02.0:   bridge window [mem 0xdbc00000-0xdbffffff]
[    8.777463] pci 0000:b0:02.0:   bridge window [mem 0x207fffa00000-0x207fffefffff 64bit pref]
[    8.786466] pci_bus 0000:b0: on NUMA node 1
[    8.786570] ACPI: PCI Root Bridge [PC10] (domain 0000 [bus c9-e1])
[    8.792462] acpi PNP0A08:0a: _OSC: OS supports [ExtendedConfig ASPM ClockPM Segments MSI EDR HPX-Type3]
[    8.809245] acpi PNP0A08:0a: _OSC: platform does not support [SHPCHotplug AER DPC]
[    8.817697] acpi PNP0A08:0a: _OSC: OS now controls [PCIeHotplug PME PCIeCapability LTR]
[    8.825547] PCI host bridge to bus 0000:c9
[    8.829467] pci_bus 0000:c9: root bus resource [io  0xe000-0xefff window]
[    8.836462] pci_bus 0000:c9: root bus resource [mem 0xe6800000-0xf13fffff window]
[    8.843461] pci_bus 0000:c9: root bus resource [mem 0x208000000000-0x208fffffffff window]
[    8.851461] pci_bus 0000:c9: root bus resource [bus c9-e1]
[    8.857469] pci 0000:c9:00.0: [8086:09a2] type 00 class 0x088000
[    8.863534] pci 0000:c9:00.1: [8086:09a4] type 00 class 0x088000
[    8.869534] pci 0000:c9:00.2: [8086:09a3] type 00 class 0x088000
[    8.875535] pci 0000:c9:00.4: [8086:0998] type 00 class 0x060000
[    8.881542] pci_bus 0000:c9: on NUMA node 1
[    8.881631] ACPI: PCI Root Bridge [PC11] (domain 0000 [bus e2-fa])
[    8.887462] acpi PNP0A08:0b: _OSC: OS supports [ExtendedConfig ASPM ClockPM Segments MSI EDR HPX-Type3]
[    8.905241] acpi PNP0A08:0b: _OSC: platform does not support [SHPCHotplug AER DPC]
[    8.912696] acpi PNP0A08:0b: _OSC: OS now controls [PCIeHotplug PME PCIeCapability LTR]
[    8.920540] PCI host bridge to bus 0000:e2
[    8.924461] pci_bus 0000:e2: root bus resource [io  0xf000-0xffff window]
[    8.931461] pci_bus 0000:e2: root bus resource [mem 0xf1400000-0xfb7fffff window]
[    8.939461] pci_bus 0000:e2: root bus resource [mem 0x209000000000-0x209fffffffff window]
[    8.947461] pci_bus 0000:e2: root bus resource [bus e2-fa]
[    8.952469] pci 0000:e2:00.0: [8086:09a2] type 00 class 0x088000
[    8.958534] pci 0000:e2:00.1: [8086:09a4] type 00 class 0x088000
[    8.964533] pci 0000:e2:00.2: [8086:09a3] type 00 class 0x088000
[    8.970533] pci 0000:e2:00.4: [8086:0998] type 00 class 0x060000
[    8.976541] pci_bus 0000:e2: on NUMA node 1
[    8.976619] ACPI: PCI Root Bridge [UC16] (domain 0000 [bus fe])
[    8.982462] acpi PNP0A03:02: _OSC: OS supports [ExtendedConfig ASPM ClockPM Segments MSI EDR HPX-Type3]
[    8.992559] acpi PNP0A03:02: _OSC: platform does not support [SHPCHotplug AER LTR DPC]
[    9.000564] acpi PNP0A03:02: _OSC: OS now controls [PCIeHotplug PME PCIeCapability]
[    9.007544] PCI host bridge to bus 0000:fe
[    9.012461] pci_bus 0000:fe: root bus resource [bus fe]
[    9.017468] pci 0000:fe:00.0: [8086:3450] type 00 class 0x088000
[    9.023545] pci 0000:fe:00.1: [8086:3451] type 00 class 0x088000
[    9.029529] pci 0000:fe:00.2: [8086:3452] type 00 class 0x088000
[    9.035526] pci 0000:fe:00.3: [8086:0998] type 00 class 0x060000
[    9.041527] pci 0000:fe:00.5: [8086:3455] type 00 class 0x088000
[    9.047533] pci 0000:fe:02.0: [8086:3440] type 00 class 0x088000
[    9.053600] pci 0000:fe:02.1: [8086:3441] type 00 class 0x088000
[    9.059581] pci 0000:fe:02.2: [8086:3442] type 00 class 0x088000
[    9.065580] pci 0000:fe:03.0: [8086:3440] type 00 class 0x088000
[    9.071563] pci 0000:fe:03.1: [8086:3441] type 00 class 0x088000
[    9.077547] pci 0000:fe:03.2: [8086:3442] type 00 class 0x088000
[    9.083557] pci 0000:fe:04.0: [8086:3440] type 00 class 0x088000
[    9.090591] pci 0000:fe:04.1: [8086:3441] type 00 class 0x088000
[    9.096590] pci 0000:fe:04.2: [8086:3442] type 00 class 0x088000
[    9.102588] pci 0000:fe:04.3: [8086:3443] type 00 class 0x088000
[    9.108592] pci 0000:fe:05.0: [8086:3445] type 00 class 0x088000
[    9.114600] pci 0000:fe:05.1: [8086:3446] type 00 class 0x088000
[    9.120586] pci 0000:fe:05.2: [8086:3447] type 00 class 0x088000
[    9.126582] pci 0000:fe:06.0: [8086:3445] type 00 class 0x088000
[    9.132563] pci 0000:fe:06.1: [8086:3446] type 00 class 0x088000
[    9.138550] pci 0000:fe:06.2: [8086:3447] type 00 class 0x088000
[    9.144557] pci 0000:fe:07.0: [8086:3445] type 00 class 0x088000
[    9.150609] pci 0000:fe:07.1: [8086:3446] type 00 class 0x088000
[    9.157596] pci 0000:fe:07.2: [8086:3447] type 00 class 0x088000
[    9.163589] pci 0000:fe:0b.0: [8086:3448] type 00 class 0x088000
[    9.169548] pci 0000:fe:0b.1: [8086:3448] type 00 class 0x088000
[    9.175533] pci 0000:fe:0b.2: [8086:344b] type 00 class 0x088000
[    9.181538] pci 0000:fe:0c.0: [8086:344a] type 00 class 0x110100
[    9.187579] pci 0000:fe:0d.0: [8086:344a] type 00 class 0x110100
[    9.193575] pci 0000:fe:0e.0: [8086:344a] type 00 class 0x110100
[    9.199623] pci 0000:fe:0f.0: [8086:344a] type 00 class 0x110100
[    9.205627] pci 0000:fe:1a.0: [8086:2880] type 00 class 0x110100
[    9.211577] pci 0000:fe:1b.0: [8086:2880] type 00 class 0x110100
[    9.218573] pci 0000:fe:1c.0: [8086:2880] type 00 class 0x110100
[    9.224625] pci 0000:fe:1d.0: [8086:2880] type 00 class 0x110100
[    9.230621] pci_bus 0000:fe: on NUMA node 1
[    9.230678] ACPI: PCI Root Bridge [UC17] (domain 0000 [bus ff])
[    9.236462] acpi PNP0A03:03: _OSC: OS supports [ExtendedConfig ASPM ClockPM Segments MSI EDR HPX-Type3]
[    9.245560] acpi PNP0A03:03: _OSC: platform does not support [SHPCHotplug AER LTR DPC]
[    9.253565] acpi PNP0A03:03: _OSC: OS now controls [PCIeHotplug PME PCIeCapability]
[    9.261556] PCI host bridge to bus 0000:ff
[    9.265461] pci_bus 0000:ff: root bus resource [bus ff]
[    9.270473] pci 0000:ff:00.0: [8086:344c] type 00 class 0x088000
[    9.276592] pci 0000:ff:00.1: [8086:344c] type 00 class 0x088000
[    9.282586] pci 0000:ff:00.2: [8086:344c] type 00 class 0x088000
[    9.289585] pci 0000:ff:00.3: [8086:344c] type 00 class 0x088000
[    9.295567] pci 0000:ff:00.4: [8086:344c] type 00 class 0x088000
[    9.301568] pci 0000:ff:00.5: [8086:344c] type 00 class 0x088000
[    9.307592] pci 0000:ff:00.6: [8086:344c] type 00 class 0x088000
[    9.313588] pci 0000:ff:00.7: [8086:344c] type 00 class 0x088000
[    9.319563] pci 0000:ff:01.0: [8086:344c] type 00 class 0x088000
[    9.325612] pci 0000:ff:01.1: [8086:344c] type 00 class 0x088000
[    9.331591] pci 0000:ff:01.2: [8086:344c] type 00 class 0x088000
[    9.337552] pci 0000:ff:01.3: [8086:344c] type 00 class 0x088000
[    9.343568] pci 0000:ff:01.4: [8086:344c] type 00 class 0x088000
[    9.349600] pci 0000:ff:01.5: [8086:344c] type 00 class 0x088000
[    9.356602] pci 0000:ff:01.6: [8086:344c] type 00 class 0x088000
[    9.362609] pci 0000:ff:01.7: [8086:344c] type 00 class 0x088000
[    9.368607] pci 0000:ff:02.0: [8086:344c] type 00 class 0x088000
[    9.374626] pci 0000:ff:02.1: [8086:344c] type 00 class 0x088000
[    9.380596] pci 0000:ff:02.2: [8086:344c] type 00 class 0x088000
[    9.386597] pci 0000:ff:02.3: [8086:344c] type 00 class 0x088000
[    9.392602] pci 0000:ff:02.4: [8086:344c] type 00 class 0x088000
[    9.398601] pci 0000:ff:02.5: [8086:344c] type 00 class 0x088000
[    9.404598] pci 0000:ff:02.6: [8086:344c] type 00 class 0x088000
[    9.411610] pci 0000:ff:02.7: [8086:344c] type 00 class 0x088000
[    9.417609] pci 0000:ff:03.0: [8086:344c] type 00 class 0x088000
[    9.423625] pci 0000:ff:03.1: [8086:344c] type 00 class 0x088000
[    9.429606] pci 0000:ff:03.2: [8086:344c] type 00 class 0x088000
[    9.435616] pci 0000:ff:03.3: [8086:344c] type 00 class 0x088000
[    9.441611] pci 0000:ff:03.4: [8086:344c] type 00 class 0x088000
[    9.447614] pci 0000:ff:03.5: [8086:344c] type 00 class 0x088000
[    9.453622] pci 0000:ff:03.6: [8086:344c] type 00 class 0x088000
[    9.460622] pci 0000:ff:03.7: [8086:344c] type 00 class 0x088000
[    9.466618] pci 0000:ff:04.0: [8086:344c] type 00 class 0x088000
[    9.472633] pci 0000:ff:04.1: [8086:344c] type 00 class 0x088000
[    9.478627] pci 0000:ff:04.2: [8086:344c] type 00 class 0x088000
[    9.484625] pci 0000:ff:04.3: [8086:344c] type 00 class 0x088000
[    9.490628] pci 0000:ff:04.4: [8086:344c] type 00 class 0x088000
[    9.496568] pci 0000:ff:04.5: [8086:344c] type 00 class 0x088000
[    9.503553] pci 0000:ff:04.6: [8086:344c] type 00 class 0x088000
[    9.509607] pci 0000:ff:04.7: [8086:344c] type 00 class 0x088000
[    9.515622] pci 0000:ff:0a.0: [8086:344d] type 00 class 0x088000
[    9.521587] pci 0000:ff:0a.1: [8086:344d] type 00 class 0x088000
[    9.527584] pci 0000:ff:0a.2: [8086:344d] type 00 class 0x088000
[    9.533582] pci 0000:ff:0a.3: [8086:344d] type 00 class 0x088000
[    9.539565] pci 0000:ff:0a.4: [8086:344d] type 00 class 0x088000
[    9.545567] pci 0000:ff:0a.5: [8086:344d] type 00 class 0x088000
[    9.551590] pci 0000:ff:0a.6: [8086:344d] type 00 class 0x088000
[    9.557586] pci 0000:ff:0a.7: [8086:344d] type 00 class 0x088000
[    9.564563] pci 0000:ff:0b.0: [8086:344d] type 00 class 0x088000
[    9.570595] pci 0000:ff:0b.1: [8086:344d] type 00 class 0x088000
[    9.576589] pci 0000:ff:0b.2: [8086:344d] type 00 class 0x088000
[    9.582553] pci 0000:ff:0b.3: [8086:344d] type 00 class 0x088000
[    9.588558] pci 0000:ff:0b.4: [8086:344d] type 00 class 0x088000
[    9.594599] pci 0000:ff:0b.5: [8086:344d] type 00 class 0x088000
[    9.600603] pci 0000:ff:0b.6: [8086:344d] type 00 class 0x088000
[    9.606605] pci 0000:ff:0b.7: [8086:344d] type 00 class 0x088000
[    9.612607] pci 0000:ff:0c.0: [8086:344d] type 00 class 0x088000
[    9.618626] pci 0000:ff:0c.1: [8086:344d] type 00 class 0x088000
[    9.625594] pci 0000:ff:0c.2: [8086:344d] type 00 class 0x088000
[    9.631596] pci 0000:ff:0c.3: [8086:344d] type 00 class 0x088000
[    9.637603] pci 0000:ff:0c.4: [8086:344d] type 00 class 0x088000
[    9.643600] pci 0000:ff:0c.5: [8086:344d] type 00 class 0x088000
[    9.649601] pci 0000:ff:0c.6: [8086:344d] type 00 class 0x088000
[    9.655609] pci 0000:ff:0c.7: [8086:344d] type 00 class 0x088000
[    9.661608] pci 0000:ff:0d.0: [8086:344d] type 00 class 0x088000
[    9.667621] pci 0000:ff:0d.1: [8086:344d] type 00 class 0x088000
[    9.674609] pci 0000:ff:0d.2: [8086:344d] type 00 class 0x088000
[    9.680613] pci 0000:ff:0d.3: [8086:344d] type 00 class 0x088000
[    9.686612] pci 0000:ff:0d.4: [8086:344d] type 00 class 0x088000
[    9.692613] pci 0000:ff:0d.5: [8086:344d] type 00 class 0x088000
[    9.698623] pci 0000:ff:0d.6: [8086:344d] type 00 class 0x088000
[    9.704622] pci 0000:ff:0d.7: [8086:344d] type 00 class 0x088000
[    9.710616] pci 0000:ff:0e.0: [8086:344d] type 00 class 0x088000
[    9.717633] pci 0000:ff:0e.1: [8086:344d] type 00 class 0x088000
[    9.723628] pci 0000:ff:0e.2: [8086:344d] type 00 class 0x088000
[    9.729627] pci 0000:ff:0e.3: [8086:344d] type 00 class 0x088000
[    9.735628] pci 0000:ff:0e.4: [8086:344d] type 00 class 0x088000
[    9.741569] pci 0000:ff:0e.5: [8086:344d] type 00 class 0x088000
[    9.747552] pci 0000:ff:0e.6: [8086:344d] type 00 class 0x088000
[    9.753607] pci 0000:ff:0e.7: [8086:344d] type 00 class 0x088000
[    9.759635] pci 0000:ff:1d.0: [8086:344f] type 00 class 0x088000
[    9.766595] pci 0000:ff:1d.1: [8086:3457] type 00 class 0x088000
[    9.772585] pci 0000:ff:1e.0: [8086:3458] type 00 class 0x088000
[    9.778554] pci 0000:ff:1e.1: [8086:3459] type 00 class 0x088000
[    9.784533] pci 0000:ff:1e.2: [8086:345a] type 00 class 0x088000
[    9.790533] pci 0000:ff:1e.3: [8086:345b] type 00 class 0x088000
[    9.796534] pci 0000:ff:1e.4: [8086:345c] type 00 class 0x088000
[    9.802534] pci 0000:ff:1e.5: [8086:345d] type 00 class 0x088000
[    9.808533] pci 0000:ff:1e.6: [8086:345e] type 00 class 0x088000
[    9.814532] pci 0000:ff:1e.7: [8086:345f] type 00 class 0x088000
[    9.820534] pci_bus 0000:ff: on NUMA node 1
[    9.821480] iommu: Default domain type: Translated 
[    9.826485] pci 0000:03:00.0: vgaarb: VGA device added: decodes=io+mem,owns=none,locks=none
[    9.834526] pci 0000:03:00.0: vgaarb: bridge control possible
[    9.840461] pci 0000:03:00.0: vgaarb: setting as boot device
[    9.846461] vgaarb: loaded
[    9.848616] SCSI subsystem initialized
[    9.852508] libata version 3.00 loaded.
[    9.852508] ACPI: bus type USB registered
[    9.856473] usbcore: registered new interface driver usbfs
[    9.862467] usbcore: registered new interface driver hub
[    9.867527] usbcore: registered new device driver usb
[    9.872481] pps_core: LinuxPPS API ver. 1 registered
[    9.877461] pps_core: Software ver. 5.3.6 - Copyright 2005-2007 Rodolfo Giometti <giometti@linux.it>
[    9.886462] PTP clock support registered
[    9.890558] EDAC MC: Ver: 3.0.0
[    9.895221] Registered efivars operations
[    9.898646] NetLabel: Initializing
[    9.902461] NetLabel:  domain hash size = 128
[    9.906460] NetLabel:  protocols = UNLABELED CIPSOv4 CALIPSO
[    9.912473] NetLabel:  unlabeled traffic allowed by default
[    9.917463] PCI: Using ACPI for IRQ routing
[    9.926005] PCI: pci_cache_line_size set to 64 bytes
[    9.926811] e820: reserve RAM buffer [mem 0x0009e000-0x0009ffff]
[    9.926813] e820: reserve RAM buffer [mem 0x59fc4018-0x5bffffff]
[    9.926814] e820: reserve RAM buffer [mem 0x59ff9018-0x5bffffff]
[    9.926815] e820: reserve RAM buffer [mem 0x5a02e018-0x5bffffff]
[    9.926816] e820: reserve RAM buffer [mem 0x63912000-0x63ffffff]
[    9.926817] e820: reserve RAM buffer [mem 0x6f800000-0x6fffffff]
[    9.926821] hpet0: at MMIO 0xfed00000, IRQs 2, 8, 0, 0, 0, 0, 0, 0
[    9.932461] hpet0: 8 comparators, 64-bit 24.000000 MHz counter
[    9.940759] clocksource: Switched to clocksource tsc-early
[    9.958367] VFS: Disk quotas dquot_6.6.0
[    9.962377] VFS: Dquot-cache hash table entries: 512 (order 0, 4096 bytes)
[    9.969382] ACPI FPDT: [Firmware Bug]: Invalid record 4113 found.
[    9.975477] pnp: PnP ACPI init
[    9.988119] pnp 00:00: Plug and Play ACPI device, IDs PNP0b00 (active)
[    9.988277] system 00:01: [io  0x0500-0x05fe] has been reserved
[    9.994182] system 00:01: [io  0x0400-0x041f] has been reserved
[   10.000086] system 00:01: [io  0x0600-0x061f] has been reserved
[   10.005992] system 00:01: [io  0x0ca0-0x0ca1] has been reserved
[   10.011896] system 00:01: [io  0x0ca4-0x0ca6] has been reserved
[   10.017803] system 00:01: [mem 0xff000000-0xffffffff] has been reserved
[   10.024410] system 00:01: Plug and Play ACPI device, IDs PNP0c02 (active)
[   10.024614] pnp 00:02: Plug and Play ACPI device, IDs PNP0501 (active)
[   10.024768] pnp 00:03: Plug and Play ACPI device, IDs PNP0501 (active)
[   10.024906] system 00:04: [mem 0xfd000000-0xfdabffff] has been reserved
[   10.031504] system 00:04: [mem 0xfdad0000-0xfdadffff] has been reserved
[   10.038101] system 00:04: [mem 0xfdb00000-0xfdffffff] has been reserved
[   10.044697] system 00:04: [mem 0xfe000000-0xfe00ffff] has been reserved
[   10.051293] system 00:04: [mem 0xfe011000-0xfe01ffff] has been reserved
[   10.057890] system 00:04: [mem 0xfe036000-0xfe03bfff] has been reserved
[   10.064487] system 00:04: [mem 0xfe03d000-0xfe3fffff] has been reserved
[   10.071084] system 00:04: [mem 0xfe410000-0xfe7fffff] has been reserved
[   10.077683] system 00:04: Plug and Play ACPI device, IDs PNP0c02 (active)
[   10.077938] system 00:05: [io  0x1000-0x10fe] has been reserved
[   10.083848] system 00:05: Plug and Play ACPI device, IDs PNP0c02 (active)
[   10.084482] pnp: PnP ACPI: found 6 devices
[   10.094176] clocksource: acpi_pm: mask: 0xffffff max_cycles: 0xffffff, max_idle_ns: 2085701024 ns
[   10.103124] NET: Registered protocol family 2
[   10.107773] IP idents hash table entries: 262144 (order: 9, 2097152 bytes, vmalloc)
[   10.117758] tcp_listen_portaddr_hash hash table entries: 65536 (order: 8, 1048576 bytes, vmalloc)
[   10.126837] TCP established hash table entries: 524288 (order: 10, 4194304 bytes, vmalloc)
[   10.135630] TCP bind hash table entries: 65536 (order: 8, 1048576 bytes, vmalloc)
[   10.143200] TCP: Hash tables configured (established 524288 bind 65536)
[   10.150241] MPTCP token hash table entries: 65536 (order: 8, 1572864 bytes, vmalloc)
[   10.158161] UDP hash table entries: 65536 (order: 9, 2097152 bytes, vmalloc)
[   10.165445] UDP-Lite hash table entries: 65536 (order: 9, 2097152 bytes, vmalloc)
[   10.173394] NET: Registered protocol family 1
[   10.177747] NET: Registered protocol family 44
[   10.182197] pci 0000:31:00.0: can't claim BAR 6 [mem 0xfff00000-0xffffffff pref]: no compatible bridge window
[   10.192082] pci 0000:b1:00.0: can't claim BAR 6 [mem 0xfff80000-0xffffffff pref]: no compatible bridge window
[   10.201970] pci 0000:b1:00.1: can't claim BAR 6 [mem 0xfff80000-0xffffffff pref]: no compatible bridge window
[   10.211860] pci 0000:00:1c.0: PCI bridge to [bus 01]
[   10.216815] pci 0000:00:1c.0:   bridge window [io  0x3000-0x3fff]
[   10.222892] pci 0000:00:1c.0:   bridge window [mem 0x92100000-0x921fffff]
[   10.229664] pci 0000:02:00.0: PCI bridge to [bus 03]
[   10.234619] pci 0000:02:00.0:   bridge window [io  0x2000-0x2fff]
[   10.240700] pci 0000:02:00.0:   bridge window [mem 0x91000000-0x920fffff]
[   10.247482] pci 0000:00:1c.5: PCI bridge to [bus 02-03]
[   10.252691] pci 0000:00:1c.5:   bridge window [io  0x2000-0x2fff]
[   10.258773] pci 0000:00:1c.5:   bridge window [mem 0x91000000-0x920fffff]
[   10.265545] pci_bus 0000:00: resource 4 [io  0x0000-0x0cf7 window]
[   10.271703] pci_bus 0000:00: resource 5 [io  0x1000-0x4fff window]
[   10.277868] pci_bus 0000:00: resource 6 [mem 0x000a0000-0x000bffff window]
[   10.284723] pci_bus 0000:00: resource 7 [mem 0x000c8000-0x000cffff window]
[   10.291579] pci_bus 0000:00: resource 8 [mem 0xfe010000-0xfe010fff window]
[   10.298436] pci_bus 0000:00: resource 9 [mem 0x90000000-0x9b7fffff window]
[   10.305290] pci_bus 0000:00: resource 10 [mem 0x200000000000-0x200fffffffff window]
[   10.312925] pci_bus 0000:01: resource 0 [io  0x3000-0x3fff]
[   10.318484] pci_bus 0000:01: resource 1 [mem 0x92100000-0x921fffff]
[   10.324735] pci_bus 0000:02: resource 0 [io  0x2000-0x2fff]
[   10.330296] pci_bus 0000:02: resource 1 [mem 0x91000000-0x920fffff]
[   10.336544] pci_bus 0000:03: resource 0 [io  0x2000-0x2fff]
[   10.342096] pci_bus 0000:03: resource 1 [mem 0x91000000-0x920fffff]
[   10.348402] pci_bus 0000:16: resource 4 [io  0x5000-0x6fff window]
[   10.354572] pci_bus 0000:16: resource 5 [mem 0x9b800000-0xa63fffff window]
[   10.361430] pci_bus 0000:16: resource 6 [mem 0x201000000000-0x201fffffffff window]
[   10.368994] pci 0000:31:00.0: BAR 6: no space for [mem size 0x00100000 pref]
[   10.376022] pci 0000:31:00.0: BAR 6: failed to assign [mem size 0x00100000 pref]
[   10.383396] pci 0000:30:02.0: PCI bridge to [bus 31]
[   10.388351] pci 0000:30:02.0:   bridge window [mem 0xa6400000-0xa65fffff]
[   10.395124] pci_bus 0000:30: resource 4 [io  0x7000-0x8fff window]
[   10.401293] pci_bus 0000:30: resource 5 [mem 0xa6400000-0xb0ffffff window]
[   10.408148] pci_bus 0000:30: resource 6 [mem 0x202000000000-0x202fffffffff window]
[   10.415696] pci_bus 0000:31: resource 1 [mem 0xa6400000-0xa65fffff]
[   10.421961] pci_bus 0000:4a: resource 4 [io  0x9000-0x9fff window]
[   10.428129] pci_bus 0000:4a: resource 5 [mem 0xb1000000-0xbbbfffff window]
[   10.434982] pci_bus 0000:4a: resource 6 [mem 0x203000000000-0x203fffffffff window]
[   10.442546] pci_bus 0000:64: resource 4 [io  0xa000-0xafff window]
[   10.448712] pci_bus 0000:64: resource 5 [mem 0xbbc00000-0xc5ffffff window]
[   10.455559] pci_bus 0000:64: resource 6 [mem 0x204000000000-0x204fffffffff window]
[   10.463145] pci_bus 0000:80: resource 4 [io  0xb000-0xbfff window]
[   10.469306] pci_bus 0000:80: resource 5 [mem 0xc6800000-0xd0ffffff window]
[   10.476162] pci_bus 0000:80: resource 6 [mem 0x205000000000-0x205fffffffff window]
[   10.483714] pci_bus 0000:97: resource 4 [io  0xc000-0xcfff window]
[   10.489883] pci_bus 0000:97: resource 5 [mem 0xd1000000-0xdbbfffff window]
[   10.496738] pci_bus 0000:97: resource 6 [mem 0x206000000000-0x206fffffffff window]
[   10.504303] pci 0000:b1:00.0: BAR 6: no space for [mem size 0x00080000 pref]
[   10.511332] pci 0000:b1:00.0: BAR 6: failed to assign [mem size 0x00080000 pref]
[   10.518709] pci 0000:b1:00.1: BAR 6: no space for [mem size 0x00080000 pref]
[   10.525738] pci 0000:b1:00.1: BAR 6: failed to assign [mem size 0x00080000 pref]
[   10.533113] pci 0000:b0:02.0: PCI bridge to [bus b1-b2]
[   10.538327] pci 0000:b0:02.0:   bridge window [mem 0xdbc00000-0xdbffffff]
[   10.545094] pci 0000:b0:02.0:   bridge window [mem 0x207fffa00000-0x207fffefffff 64bit pref]
[   10.553507] pci_bus 0000:b0: resource 4 [io  0xd000-0xdfff window]
[   10.559669] pci_bus 0000:b0: resource 5 [mem 0xdbc00000-0xe67fffff window]
[   10.566519] pci_bus 0000:b0: resource 6 [mem 0x207000000000-0x207fffffffff window]
[   10.574065] pci_bus 0000:b1: resource 1 [mem 0xdbc00000-0xdbffffff]
[   10.580316] pci_bus 0000:b1: resource 2 [mem 0x207fffa00000-0x207fffefffff 64bit pref]
[   10.588226] pci_bus 0000:c9: resource 4 [io  0xe000-0xefff window]
[   10.594391] pci_bus 0000:c9: resource 5 [mem 0xe6800000-0xf13fffff window]
[   10.601246] pci_bus 0000:c9: resource 6 [mem 0x208000000000-0x208fffffffff window]
[   10.608808] pci_bus 0000:e2: resource 4 [io  0xf000-0xffff window]
[   10.614976] pci_bus 0000:e2: resource 5 [mem 0xf1400000-0xfb7fffff window]
[   10.621831] pci_bus 0000:e2: resource 6 [mem 0x209000000000-0x209fffffffff window]
[   10.629740] pci 0000:31:00.0: CLS mismatch (128 != 32), using 64 bytes
[   10.636482] Trying to unpack rootfs image as initramfs...
[   10.636576] PCI-DMA: Using software bounce buffering for IO (SWIOTLB)
[   10.648297] software IO TLB: mapped [mem 0x0000000054514000-0x0000000058514000] (64MB)
[   10.666919] Initialise system trusted keyrings
[   10.671362] Key type blacklist registered
[   10.675454] workingset: timestamp_bits=36 max_order=26 bucket_order=0
[   10.683210] zbud: loaded
[   10.686777] integrity: Platform Keyring initialized
[   10.703125] NET: Registered protocol family 38
[   10.707564] xor: automatically using best checksumming function   avx       
[   10.714590] Key type asymmetric registered
[   10.718680] Asymmetric key parser 'x509' registered
[   10.723552] Block layer SCSI generic (bsg) driver version 0.4 loaded (major 245)
[   10.730999] io scheduler mq-deadline registered
[   10.735522] io scheduler kyber registered
[   10.739569] io scheduler bfq registered
[   10.744631] atomic64_test: passed for x86-64 platform with CX8 and with SSE
[   10.752016] pcieport 0000:00:1c.0: PME: Signaling with IRQ 130
[   10.758027] pcieport 0000:00:1c.5: PME: Signaling with IRQ 131
[   10.764039] pcieport 0000:30:02.0: PME: Signaling with IRQ 132
[   10.770111] pcieport 0000:b0:02.0: PME: Signaling with IRQ 133
[   10.776237] shpchp: Standard Hot Plug PCI Controller Driver version: 0.4
[   10.782959] efifb: probing for efifb
[   10.786544] efifb: No BGRT, not showing boot graphics
[   10.791587] efifb: framebuffer at 0x91000000, using 3072k, total 3072k
[   10.798098] efifb: mode is 1024x768x32, linelength=4096, pages=1
[   10.804088] efifb: scrolling: redraw
[   10.807658] efifb: Truecolor: size=8:8:8:8, shift=24:16:8:0
[   10.813258] fbcon: Deferring console take-over
[   10.817699] fb0: EFI VGA frame buffer device
[   10.822035] Monitor-Mwait will be used to enter C-1 state
[   10.822043] Monitor-Mwait will be used to enter C-2 state
[   10.822047] ACPI: \_SB_.SCK0.C000: Found 2 idle states
[   10.832536] input: Power Button as /devices/LNXSYSTM:00/LNXPWRBN:00/input/input0
[   10.839982] ACPI: button: Power Button [PWRF]
[   10.844416] smpboot: Estimated ratio of average max frequency by base frequency (times 1024): 1450
[   10.863499] acpi/hmat: HMAT: Memory (0x0 length 0x80000000) Flags:0003 Processor Domain:0 Memory Domain:0
[   10.873038] acpi/hmat: HMAT: Memory (0x100000000 length 0x1f80000000) Flags:0003 Processor Domain:0 Memory Domain:0
[   10.883438] acpi/hmat: HMAT: Memory (0x2080000000 length 0x2000000000) Flags:0003 Processor Domain:1 Memory Domain:1
[   10.893929] acpi/hmat: HMAT: Locality: Flags:00 Type:Read Latency Initiator Domains:2 Target Domains:2 Base:100
[   10.896161] Freeing initrd memory: 17376K
[   10.903995] acpi/hmat:   Initiator-Target[0-0]:7600 nsec
[   10.913291] acpi/hmat:   Initiator-Target[0-1]:13560 nsec
[   10.918678] acpi/hmat:   Initiator-Target[1-0]:13560 nsec
[   10.924064] acpi/hmat:   Initiator-Target[1-1]:7600 nsec
[   10.929366] acpi/hmat: HMAT: Locality: Flags:00 Type:Write Latency Initiator Domains:2 Target Domains:2 Base:100
[   10.939504] acpi/hmat:   Initiator-Target[0-0]:7600 nsec
[   10.944806] acpi/hmat:   Initiator-Target[0-1]:13560 nsec
[   10.950191] acpi/hmat:   Initiator-Target[1-0]:13560 nsec
[   10.955575] acpi/hmat:   Initiator-Target[1-1]:7600 nsec
[   10.960867] acpi/hmat: HMAT: Locality: Flags:00 Type:Read Bandwidth Initiator Domains:2 Target Domains:2 Base:1
[   10.970921] acpi/hmat:   Initiator-Target[0-0]:1790 MB/s
[   10.976212] acpi/hmat:   Initiator-Target[0-1]:1790 MB/s
[   10.981503] acpi/hmat:   Initiator-Target[1-0]:1790 MB/s
[   10.986794] acpi/hmat:   Initiator-Target[1-1]:1790 MB/s
[   10.992089] acpi/hmat: HMAT: Locality: Flags:00 Type:Write Bandwidth Initiator Domains:2 Target Domains:2 Base:1
[   11.002227] acpi/hmat:   Initiator-Target[0-0]:1910 MB/s
[   11.007520] acpi/hmat:   Initiator-Target[0-1]:1910 MB/s
[   11.012818] acpi/hmat:   Initiator-Target[1-0]:1910 MB/s
[   11.018108] acpi/hmat:   Initiator-Target[1-1]:1910 MB/s
[   11.023921] ERST: Error Record Serialization Table (ERST) support is initialized.
[   11.031381] pstore: Registered erst as persistent store backend
[   11.037394] GHES: APEI firmware first mode is enabled by APEI bit and WHEA _OSC.
[   11.044943] Serial: 8250/16550 driver, 32 ports, IRQ sharing enabled
[   11.051356] 00:02: ttyS0 at I/O 0x3f8 (irq = 4, base_baud = 115200) is a 16550A
[   11.068413] 00:03: ttyS1 at I/O 0x2f8 (irq = 3, base_baud = 115200) is a 16550A
[   11.086515] Non-volatile memory driver v1.3
[   11.090713] Linux agpgart interface v0.103
[   11.099214] tpm_tis IFX0762:00: 2.0 TPM (device-id 0x1B, rev-id 16)
[   11.108759] tpm tpm0: [Firmware Bug]: TPM interrupt not working, polling instead
[   11.149096] ahci 0000:00:11.5: version 3.0
[   11.149286] ahci 0000:00:11.5: AHCI 0001.0301 32 slots 2 ports 6 Gbps 0x3 impl SATA mode
[   11.157362] ahci 0000:00:11.5: flags: 64bit ncq sntf pm led clo only pio slum part ems deso sadm sds apst 
[   11.172695] scsi host0: ahci
[   11.175856] scsi host1: ahci
[   11.178777] ata1: SATA max UDMA/133 abar m524288@0x92280000 port 0x92280100 irq 134
[   11.186407] ata2: SATA max UDMA/133 abar m524288@0x92280000 port 0x92280180 irq 134
[   11.194430] ahci 0000:00:17.0: AHCI 0001.0301 32 slots 8 ports 6 Gbps 0xff impl SATA mode
[   11.202595] ahci 0000:00:17.0: flags: 64bit ncq sntf pm led clo only pio slum part ems deso sadm sds apst 
[   11.233110] scsi host2: ahci
[   11.236231] scsi host3: ahci
[   11.239373] scsi host4: ahci
[   11.242479] scsi host5: ahci
[   11.245589] scsi host6: ahci
[   11.248696] scsi host7: ahci
[   11.251735] scsi host8: ahci
[   11.254843] scsi host9: ahci
[   11.257760] ata3: SATA max UDMA/133 abar m524288@0x92200000 port 0x92200100 irq 135
[   11.265393] ata4: SATA max UDMA/133 abar m524288@0x92200000 port 0x92200180 irq 135
[   11.273026] ata5: SATA max UDMA/133 abar m524288@0x92200000 port 0x92200200 irq 135
[   11.280659] ata6: SATA max UDMA/133 abar m524288@0x92200000 port 0x92200280 irq 135
[   11.288294] ata7: SATA max UDMA/133 abar m524288@0x92200000 port 0x92200300 irq 135
[   11.295929] ata8: SATA max UDMA/133 abar m524288@0x92200000 port 0x92200380 irq 135
[   11.303561] ata9: SATA max UDMA/133 abar m524288@0x92200000 port 0x92200400 irq 135
[   11.311198] ata10: SATA max UDMA/133 abar m524288@0x92200000 port 0x92200480 irq 135
[   11.319364] libphy: Fixed MDIO Bus: probed
[   11.323557] ehci_hcd: USB 2.0 'Enhanced' Host Controller (EHCI) Driver
[   11.330070] ehci-pci: EHCI PCI platform driver
[   11.334530] ohci_hcd: USB 1.1 'Open' Host Controller (OHCI) Driver
[   11.340695] ohci-pci: OHCI PCI platform driver
[   11.345153] uhci_hcd: USB Universal Host Controller Interface driver
[   11.351776] xhci_hcd 0000:00:14.0: xHCI Host Controller
[   11.357079] xhci_hcd 0000:00:14.0: new USB bus registered, assigned bus number 1
[   11.365552] xhci_hcd 0000:00:14.0: hcc params 0x200077c1 hci version 0x100 quirks 0x0000000000009810
[   11.374865] usb usb1: New USB device found, idVendor=1d6b, idProduct=0002, bcdDevice= 5.13
[   11.383111] usb usb1: New USB device strings: Mfr=3, Product=2, SerialNumber=1
[   11.390309] usb usb1: Product: xHCI Host Controller
[   11.395170] usb usb1: Manufacturer: Linux 5.13.19-200.fc34.x86_64 xhci-hcd
[   11.402025] usb usb1: SerialNumber: 0000:00:14.0
[   11.406724] hub 1-0:1.0: USB hub found
[   11.410495] hub 1-0:1.0: 16 ports detected
[   11.414915] xhci_hcd 0000:00:14.0: xHCI Host Controller
[   11.420154] xhci_hcd 0000:00:14.0: new USB bus registered, assigned bus number 2
[   11.427534] xhci_hcd 0000:00:14.0: Host supports USB 3.0 SuperSpeed
[   11.433816] usb usb2: New USB device found, idVendor=1d6b, idProduct=0003, bcdDevice= 5.13
[   11.442054] usb usb2: New USB device strings: Mfr=3, Product=2, SerialNumber=1
[   11.449257] usb usb2: Product: xHCI Host Controller
[   11.454125] usb usb2: Manufacturer: Linux 5.13.19-200.fc34.x86_64 xhci-hcd
[   11.460981] usb usb2: SerialNumber: 0000:00:14.0
[   11.465706] hub 2-0:1.0: USB hub found
[   11.469469] hub 2-0:1.0: 10 ports detected
[   11.473867] usbcore: registered new interface driver usbserial_generic
[   11.480387] usbserial: USB Serial support registered for generic
[   11.486393] i8042: PNP: No PS/2 controller found.
[   11.491129] mousedev: PS/2 mouse device common for all mice
[   11.496762] rtc_cmos 00:00: RTC can wake from S4
[   11.497600] ata1: SATA link down (SStatus 4 SControl 300)
[   11.501929] rtc_cmos 00:00: registered as rtc0
[   11.506786] ata2: SATA link down (SStatus 4 SControl 300)
[   11.516580] rtc_cmos 00:00: setting system clock to 2021-09-28T08:17:17 UTC (1632817037)
[   11.524655] rtc_cmos 00:00: alarms up to one month, y3k, 114 bytes nvram, hpet irqs
[   11.539216] device-mapper: uevent: version 1.0.3
[   11.543899] device-mapper: ioctl: 4.45.0-ioctl (2021-03-22) initialised: dm-devel@redhat.com
[   11.552486] intel_pstate: Intel P-state driver initializing
[   11.603658] intel_pstate: HWP enabled
[   11.608026] hid: raw HID events driver (C) Jiri Kosina
[   11.613281] usbcore: registered new interface driver usbhid
[   11.618852] usbhid: USB HID core driver
[   11.623522] drop_monitor: Initializing network drop monitor service
[   11.625709] ata9: SATA link down (SStatus 4 SControl 300)
[   11.629898] Initializing XFRM netlink socket
[   11.635228] ata3: SATA link up 6.0 Gbps (SStatus 133 SControl 300)
[   11.639607] NET: Registered protocol family 10
[   11.645655] ata5: SATA link down (SStatus 4 SControl 300)
[   11.655470] ata8: SATA link down (SStatus 4 SControl 300)
[   11.658434] Segment Routing with IPv6
[   11.660902] ata4: SATA link down (SStatus 4 SControl 300)
[   11.664523] RPL Segment Routing with IPv6
[   11.669944] ata10: SATA link down (SStatus 4 SControl 300)
[   11.673928] mip6: Mobile IPv6
[   11.679419] ata7: SATA link down (SStatus 4 SControl 300)
[   11.682349] NET: Registered protocol family 17
[   11.686474] usb 1-2: new high-speed USB device number 2 using xhci_hcd
[   11.687762] ata6: SATA link down (SStatus 4 SControl 300)
[   11.704075] ata3.00: ATA-10: INTEL SSDSC2KG960G8, XCV10110, max UDMA/133
[   11.708506] tsc: Refined TSC clocksource calibration: 2394.371 MHz
[   11.710759] ata3.00: 1875385008 sectors, multi 1: LBA48 NCQ (depth 32)
[   11.710973] ata3.00: configured for UDMA/133
[   11.717026] clocksource: tsc: mask: 0xffffffffffffffff max_cycles: 0x228371f2690, max_idle_ns: 440795267078 ns
[   11.738221] clocksource: Switched to clocksource tsc
[   11.758256] microcode: sig=0x606a6, pf=0x1, revision=0xd0002f2
[   11.758269] scsi 2:0:0:0: Direct-Access     ATA      INTEL SSDSC2KG96 0110 PQ: 0 ANSI: 5
[   11.772530] sd 2:0:0:0: Attached scsi generic sg0 type 0
[   11.772573] ata3.00: Enabling discard_zeroes_data
[   11.772970] microcode: Microcode Update Driver: v2.2.
[   11.782636] sd 2:0:0:0: [sda] 1875385008 512-byte logical blocks: (960 GB/894 GiB)
[   11.783644] resctrl: L3 allocation detected
[   11.787707] sd 2:0:0:0: [sda] 4096-byte physical blocks
[   11.787718] sd 2:0:0:0: [sda] Write Protect is off
[   11.795285] resctrl: MB allocation detected
[   11.799469] sd 2:0:0:0: [sda] Mode Sense: 00 3a 00 00
[   11.799480] sd 2:0:0:0: [sda] Write cache: enabled, read cache: enabled, doesn't support DPO or FUA
[   11.804702] resctrl: L3 monitoring detected
[   11.814904] usb 1-2: New USB device found, idVendor=1d6b, idProduct=0107, bcdDevice= 1.00
[   11.822740] IPI shorthand broadcast: enabled
[   11.822751] AVX2 version of gcm_enc/dec engaged.
[   11.823019] ata3.00: Enabling discard_zeroes_data
[   11.824004]  sda: sda1 sda2 sda3
[   11.826943] usb 1-2: New USB device strings: Mfr=3, Product=2, SerialNumber=1
[   11.859097] usb 1-2: Product: USB Virtual Hub
[   11.863455] usb 1-2: Manufacturer: Aspeed
[   11.867469] usb 1-2: SerialNumber: 00000000
[   11.871732] AES CTR mode by8 optimization enabled
[   11.872317] hub 1-2:1.0: USB hub found
[   11.880396] hub 1-2:1.0: 5 ports detected
[   11.884542] ata3.00: Enabling discard_zeroes_data
[   11.898529] sd 2:0:0:0: [sda] Attached SCSI disk
[   11.915582] sched_clock: Marking stable (9608070549, 2307489763)->(13097441811, -1181881499)
[   11.931910] registered taskstats version 1
[   11.936033] Loading compiled-in X.509 certificates
[   11.941849] Loaded X.509 cert 'Fedora kernel signing key: f5baf79022a122795f2bec9492580e19d8a24615'
[   11.952088] zswap: loaded using pool lzo/zbud
[   11.956729] page_owner is disabled
[   11.960373] Key type ._fscrypt registered
[   11.964402] Key type .fscrypt registered
[   11.968330] Key type fscrypt-provisioning registered
[   11.973604] Btrfs loaded, crc32c=crc32c-generic, zoned=yes
